Archive member included because of file (symbol)

lib_videoout_machikania.X.a(videoout.o)
                              build/default/production/editor.o (TVRAM)
lib_videoout_machikania.X.a(textvideolib.o)
                              build/default/production/editor.o (setcursor)
lib_videoout_machikania.X.a(graphvideolib.o)
                              build/default/production/library.o (g_pset)
libsdfsio.a(FSIO.o)           build/default/production/editor.o (FSInit)
libsdfsio.a(SD-SPI.o)         libsdfsio.a(FSIO.o) (MDD_SDSPI_InitIO)
ps2keyboard.X.a(ps2keyboard.o)
                              build/default/production/library.o (keytype)
/opt/microchip/xc32/v1.32/bin/bin/../../lib/gcc/pic32mx/4.5.2/../../../../pic32mx/lib/libmchp_peripheral_32MX270F256B.a(soft_reset_lib.o)
                              build/default/production/exception.o (SoftReset)
/opt/microchip/xc32/v1.32/bin/bin/../../lib/gcc/pic32mx/4.5.2/../../../../pic32mx/lib/libmchp_peripheral_32MX270F256B.a(osc_config_lib.o)
                              lib_videoout_machikania.X.a(videoout.o) (OSCConfig)
/opt/microchip/xc32/v1.32/bin/bin/../../lib/gcc/pic32mx/4.5.2/../../../../pic32mx/lib/libmchp_peripheral_32MX270F256B.a(int_disable_interrupts_lib.o)
                              /opt/microchip/xc32/v1.32/bin/bin/../../lib/gcc/pic32mx/4.5.2/../../../../pic32mx/lib/libmchp_peripheral_32MX270F256B.a(soft_reset_lib.o) (INTDisableInterrupts)
/opt/microchip/xc32/v1.32/bin/bin/../../lib/gcc/pic32mx/4.5.2/../../../../pic32mx/lib/libmchp_peripheral_32MX270F256B.a(int_restore_interrupts_lib.o)
                              /opt/microchip/xc32/v1.32/bin/bin/../../lib/gcc/pic32mx/4.5.2/../../../../pic32mx/lib/libmchp_peripheral_32MX270F256B.a(osc_config_lib.o) (INTRestoreInterrupts)
/opt/microchip/xc32/v1.32/bin/bin/../../lib/gcc/pic32mx/4.5.2/../../../../pic32mx/lib/libmchp_peripheral_32MX270F256B.a(int_enable_mv_int_lib.o)
                              lib_videoout_machikania.X.a(videoout.o) (INTEnableSystemMultiVectoredInt)
/opt/microchip/xc32/v1.32/bin/bin/../../lib/gcc/pic32mx/4.5.2/../../../../pic32mx/lib/libmchp_peripheral_32MX270F256B.a(spi_getc_spi2_lib_legacy.o)
                              libsdfsio.a(SD-SPI.o) (getcSPI2)
/opt/microchip/xc32/v1.32/bin/bin/../../lib/gcc/pic32mx/4.5.2/../../../../pic32mx/lib/libmchp_peripheral_32MX270F256B.a(spi_open_spi2_lib_legacy.o)
                              libsdfsio.a(SD-SPI.o) (OpenSPI2)
/opt/microchip/xc32/v1.32/bin/bin/../../lib/gcc/pic32mx/4.5.2/../../../../pic32mx/lib/libmchp_peripheral_32MX270F256B.a(spi_brg_tbl_lib_legacy.o)
                              /opt/microchip/xc32/v1.32/bin/bin/../../lib/gcc/pic32mx/4.5.2/../../../../pic32mx/lib/libmchp_peripheral_32MX270F256B.a(spi_open_spi2_lib_legacy.o) (_SpiBrgConvTbl)
/opt/microchip/xc32/v1.32/bin/bin/../../lib/gcc/pic32mx/4.5.2/../../../../pic32mx/lib/libmchp_peripheral_32MX270F256B.a(nvm_write_word_lib.o)
                              build/default/production/main.o (NVMWriteWord)
/opt/microchip/xc32/v1.32/bin/bin/../../lib/gcc/pic32mx/4.5.2/../../../../pic32mx/lib/libmchp_peripheral_32MX270F256B.a(int_enable_interrupts_lib.o)
                              /opt/microchip/xc32/v1.32/bin/bin/../../lib/gcc/pic32mx/4.5.2/../../../../pic32mx/lib/libmchp_peripheral_32MX270F256B.a(int_enable_mv_int_lib.o) (INTEnableInterrupts)
/opt/microchip/xc32/v1.32/bin/bin/../../lib/gcc/pic32mx/4.5.2/../../../../pic32mx/lib/libmchp_peripheral_32MX270F256B.a(nvm_operation_lib.o)
                              /opt/microchip/xc32/v1.32/bin/bin/../../lib/gcc/pic32mx/4.5.2/../../../../pic32mx/lib/libmchp_peripheral_32MX270F256B.a(nvm_write_word_lib.o) (_NVMOperation)
/opt/microchip/xc32/v1.32/bin/bin/../../lib/gcc/pic32mx/4.5.2/../../../../pic32mx/lib/libpic32.a(memset.o)
                              libsdfsio.a(FSIO.o) (memset)
/opt/microchip/xc32/v1.32/bin/bin/../../lib/gcc/pic32mx/4.5.2/../../../../pic32mx/lib/libpic32.a(strcpy.o)
                              libsdfsio.a(FSIO.o) (strcpy)
/opt/microchip/xc32/v1.32/bin/bin/../../lib/gcc/pic32mx/4.5.2/../../../../pic32mx/lib/libpic32.a(strlen.o)
                              libsdfsio.a(FSIO.o) (strlen)
/opt/microchip/xc32/v1.32/bin/bin/../../lib/gcc/pic32mx/4.5.2/../../../../pic32mx/lib/libpic32.a(default-bootstrap-exception-handler.o)
                              /opt/microchip/xc32/v1.32/bin/bin/../../lib/gcc/pic32mx/4.5.2/../../../../pic32mx/lib/./proc/32MX270F256B/crt0_mips32r2.o (_bootstrap_exception_handler)
/opt/microchip/xc32/v1.32/bin/bin/../../lib/gcc/pic32mx/4.5.2/../../../../pic32mx/lib/libpic32.a(default-on-reset.o)
                              /opt/microchip/xc32/v1.32/bin/bin/../../lib/gcc/pic32mx/4.5.2/../../../../pic32mx/lib/./proc/32MX270F256B/crt0_mips32r2.o (_on_reset)
/opt/microchip/xc32/v1.32/bin/bin/../../lib/gcc/pic32mx/4.5.2/../../../../pic32mx/lib/libpic32.a(default-on-bootstrap.o)
[...]
Memory Configuration

Name             Origin             Length             Attributes
kseg0_program_mem 0x9d000000         0x0003f000         xr
exception_mem    0x9d03f000         0x00001000
debug_exec_mem   0x9fc00490         0x00000760
kseg0_boot_mem   0x9fc00490         0x00000000
kseg1_boot_mem   0xbfc00000         0x00000490
config3          0xbfc00bf0         0x00000004
config2          0xbfc00bf4         0x00000004
config1          0xbfc00bf8         0x00000004
config0          0xbfc00bfc         0x00000004
kseg1_data_mem   0xa0000000         0x00010000         w !x
sfrs             0xbf800000         0x00100000
configsfrs       0xbfc00bf0         0x00000010
*default*        0x00000000         0xffffffff

Linker script and memory map

LOAD /opt/microchip/xc32/v1.32/bin/bin/../../lib/gcc/pic32mx/4.5.2/../../../../pic32mx/lib/./proc/32MX270F256B/crt0_mips32r2.o
LOAD /opt/microchip/xc32/v1.32/bin/bin/../../lib/gcc/pic32mx/4.5.2/../../../../pic32mx/lib/debug-exception-return.o
LOAD build/default/production/debug.o
LOAD build/default/production/document.o
LOAD build/default/production/editor.o
LOAD build/default/production/fontx2.o
LOAD build/default/production/library.o
LOAD build/default/production/linker.o
LOAD build/default/production/music.o
LOAD build/default/production/run.o
LOAD build/default/production/statement.o
LOAD build/default/production/string.o
LOAD build/default/production/value.o
LOAD build/default/production/compiler.o
LOAD build/default/production/error.o
LOAD build/default/production/exception.o
LOAD build/default/production/file.o
LOAD build/default/production/float.o
LOAD build/default/production/function.o
LOAD build/default/production/globalvars.o
LOAD build/default/production/keyinput.o
LOAD build/default/production/memory.o
LOAD build/default/production/operator.o
LOAD build/default/production/main.o
LOAD lib_videoout_machikania.X.a
LOAD libsdfsio.a
LOAD ps2keyboard.X.a
                0x00000001                __MPLAB_BUILD = 0x1
LOAD /opt/microchip/xc32/v1.32/bin/bin/../../lib/gcc/pic32mx/4.5.2/../../../../pic32mx/lib/./proc/32MX270F256B/default_isr_vectors.o
LOAD /opt/microchip/xc32/v1.32/bin/bin/../../lib/gcc/pic32mx/4.5.2/../../../../pic32mx/lib/pic32_software_reset.o
                0x00000400                PROVIDE (_min_stack_size, 0x400)
LOAD /opt/microchip/xc32/v1.32/bin/bin/../../lib/gcc/pic32mx/4.5.2/../../../../pic32mx/lib/./proc/32MX270F256B/processor.o
START GROUP
LOAD /opt/microchip/xc32/v1.32/bin/bin/../../lib/gcc/pic32mx/4.5.2/../../../../pic32mx/lib/libmchp_peripheral.a
END GROUP
START GROUP
LOAD /opt/microchip/xc32/v1.32/bin/bin/../../lib/gcc/pic32mx/4.5.2/../../../../pic32mx/lib/libmchp_peripheral_32MX270F256B.a
END GROUP
                0x00000001                PROVIDE (_vector_spacing, 0x1)
                0x9d03f000                _ebase_address = 0x9d03f000
                0xbfc00000                _RESET_ADDR = 0xbfc00000
                0xbfc00380                _BEV_EXCPT_ADDR = 0xbfc00380
                0xbfc00480                _DBG_EXCPT_ADDR = 0xbfc00480
                0x9fc00490                _DBG_CODE_ADDR = 0x9fc00490
                0x00000760                _DBG_CODE_SIZE = 0x760
                0x9d03f180                _GEN_EXCPT_ADDR = (_ebase_address + 0x180)

.config_BFC00BF0
                0xbfc00bf0        0x4
 *(.config_BFC00BF0)
 .config_BFC00BF0
                0xbfc00bf0        0x4 build/default/production/main.o

.config_BFC00BF4
                0xbfc00bf4        0x4
 *(.config_BFC00BF4)
 .config_BFC00BF4
                0xbfc00bf4        0x4 build/default/production/main.o

.config_BFC00BF8
                0xbfc00bf8        0x4
 *(.config_BFC00BF8)
 .config_BFC00BF8
                0xbfc00bf8        0x4 build/default/production/main.o

.config_BFC00BFC
                0xbfc00bfc        0x4
 *(.config_BFC00BFC)
 .config_BFC00BFC
                0xbfc00bfc        0x4 build/default/production/main.o
                0xbfc02000                PROVIDE (_DBG_CODE_ADDR, 0xbfc02000)
                0x00000ff0                PROVIDE (_DBG_CODE_SIZE, 0xff0)

.reset          0xbfc00000      0x1c4
 *(.reset)
 .reset         0xbfc00000      0x1c4 /opt/microchip/xc32/v1.32/bin/bin/../../lib/gcc/pic32mx/4.5.2/../../../../pic32mx/lib/./proc/32MX270F256B/crt0_mips32r2.o
                0xbfc00000                _reset
 *(.reset.startup)

.bev_excpt      0xbfc00380       0x10
 *(.bev_handler)
 .bev_handler   0xbfc00380       0x10 /opt/microchip/xc32/v1.32/bin/bin/../../lib/gcc/pic32mx/4.5.2/../../../../pic32mx/lib/./proc/32MX270F256B/crt0_mips32r2.o

.dbg_excpt      0xbfc00480        0x0
                0xbfc00480                . = (. + DEFINED (_DEBUGGER)?0x8:0x0)

.dbg_code       0x9fc00490        0x0
                0x9fc00490                . = (. + DEFINED (_DEBUGGER)?_DBG_CODE_SIZE:0x0)

.app_excpt      0x9d03f180       0x10
 *(.gen_handler)
 .gen_handler   0x9d03f180       0x10 /opt/microchip/xc32/v1.32/bin/bin/../../lib/gcc/pic32mx/4.5.2/../../../../pic32mx/lib/./proc/32MX270F256B/crt0_mips32r2.o

.vector_0       0x9d03f200        0x8
 *(.vector_0)
 .vector_0      0x9d03f200        0x8 /opt/microchip/xc32/v1.32/bin/bin/../../lib/gcc/pic32mx/4.5.2/../../../../pic32mx/lib/libpic32.a(vector0.o)
                0x9d03f200                __vector_dispatch_0
                0x00000001                ASSERT (((_vector_spacing == 0x0) || (SIZEOF (.vector_0) <= (_vector_spacing << 0x5))), function at exception vector 0 too large)

.vector_1       0x9d03f220        0x8
 *(.vector_1)
 .vector_1      0x9d03f220        0x8 /opt/microchip/xc32/v1.32/bin/bin/../../lib/gcc/pic32mx/4.5.2/../../../../pic32mx/lib/libpic32.a(vector1.o)
                0x9d03f220                __vector_dispatch_1
                0x00000001                ASSERT (((_vector_spacing == 0x0) || (SIZEOF (.vector_1) <= (_vector_spacing << 0x5))), function at exception vector 1 too large)

.vector_2       0x9d03f240        0x8
 *(.vector_2)
 .vector_2      0x9d03f240        0x8 /opt/microchip/xc32/v1.32/bin/bin/../../lib/gcc/pic32mx/4.5.2/../../../../pic32mx/lib/libpic32.a(vector2.o)
                0x9d03f240                __vector_dispatch_2
                0x00000001                ASSERT (((_vector_spacing == 0x0) || (SIZEOF (.vector_2) <= (_vector_spacing << 0x5))), function at exception vector 2 too large)

.vector_3       0x9d03f260        0x8
 *(.vector_3)
 .vector_3      0x9d03f260        0x8 /opt/microchip/xc32/v1.32/bin/bin/../../lib/gcc/pic32mx/4.5.2/../../../../pic32mx/lib/libpic32.a(vector3.o)
                0x9d03f260                __vector_dispatch_3
                0x00000001                ASSERT (((_vector_spacing == 0x0) || (SIZEOF (.vector_3) <= (_vector_spacing << 0x5))), function at exception vector 3 too large)

.vector_4       0x9d03f280        0x8
 *(.vector_4)
 .vector_4      0x9d03f280        0x8 /opt/microchip/xc32/v1.32/bin/bin/../../lib/gcc/pic32mx/4.5.2/../../../../pic32mx/lib/libpic32.a(vector4.o)
                0x9d03f280                __vector_dispatch_4
                0x00000001                ASSERT (((_vector_spacing == 0x0) || (SIZEOF (.vector_4) <= (_vector_spacing << 0x5))), function at exception vector 4 too large)

.vector_5       0x9d03f2a0        0x8
 *(.vector_5)
 .vector_5      0x9d03f2a0        0x8 /opt/microchip/xc32/v1.32/bin/bin/../../lib/gcc/pic32mx/4.5.2/../../../../pic32mx/lib/libpic32.a(vector5.o)
                0x9d03f2a0                __vector_dispatch_5
                0x00000001                ASSERT (((_vector_spacing == 0x0) || (SIZEOF (.vector_5) <= (_vector_spacing << 0x5))), function at exception vector 5 too large)

.vector_6       0x9d03f2c0        0x8
 *(.vector_6)
 .vector_6      0x9d03f2c0        0x8 lib_videoout_machikania.X.a(videoout.o)
                0x9d03f2c0                __vector_dispatch_6
                0x00000001                ASSERT (((_vector_spacing == 0x0) || (SIZEOF (.vector_6) <= (_vector_spacing << 0x5))), function at exception vector 6 too large)

.vector_7       0x9d03f2e0        0x8
 *(.vector_7)
 .vector_7      0x9d03f2e0        0x8 /opt/microchip/xc32/v1.32/bin/bin/../../lib/gcc/pic32mx/4.5.2/../../../../pic32mx/lib/libpic32.a(vector7.o)
                0x9d03f2e0                __vector_dispatch_7
                0x00000001                ASSERT (((_vector_spacing == 0x0) || (SIZEOF (.vector_7) <= (_vector_spacing << 0x5))), function at exception vector 7 too large)

.vector_8       0x9d03f300        0x8
 *(.vector_8)
 .vector_8      0x9d03f300        0x8 lib_videoout_machikania.X.a(videoout.o)
                0x9d03f300                __vector_dispatch_8
                0x00000001                ASSERT (((_vector_spacing == 0x0) || (SIZEOF (.vector_8) <= (_vector_spacing << 0x5))), function at exception vector 8 too large)

.vector_9       0x9d03f320        0x8
 *(.vector_9)
 .vector_9      0x9d03f320        0x8 /opt/microchip/xc32/v1.32/bin/bin/../../lib/gcc/pic32mx/4.5.2/../../../../pic32mx/lib/libpic32.a(vector9.o)
                0x9d03f320                __vector_dispatch_9
                0x00000001                ASSERT (((_vector_spacing == 0x0) || (SIZEOF (.vector_9) <= (_vector_spacing << 0x5))), function at exception vector 9 too large)

.vector_10      0x9d03f340        0x8
 *(.vector_10)
 .vector_10     0x9d03f340        0x8 lib_videoout_machikania.X.a(videoout.o)
                0x9d03f340                __vector_dispatch_10
                0x00000001                ASSERT (((_vector_spacing == 0x0) || (SIZEOF (.vector_10) <= (_vector_spacing << 0x5))), function at exception vector 10 too large)

.vector_11      0x9d03f360        0x8
 *(.vector_11)
 .vector_11     0x9d03f360        0x8 /opt/microchip/xc32/v1.32/bin/bin/../../lib/gcc/pic32mx/4.5.2/../../../../pic32mx/lib/libpic32.a(vector11.o)
                0x9d03f360                __vector_dispatch_11
                0x00000001                ASSERT (((_vector_spacing == 0x0) || (SIZEOF (.vector_11) <= (_vector_spacing << 0x5))), function at exception vector 11 too large)

.vector_12      0x9d03f380        0x8
 *(.vector_12)
 .vector_12     0x9d03f380        0x8 /opt/microchip/xc32/v1.32/bin/bin/../../lib/gcc/pic32mx/4.5.2/../../../../pic32mx/lib/libpic32.a(vector12.o)
                0x9d03f380                __vector_dispatch_12
                0x00000001                ASSERT (((_vector_spacing == 0x0) || (SIZEOF (.vector_12) <= (_vector_spacing << 0x5))), function at exception vector 12 too large)

.vector_13      0x9d03f3a0        0x8
 *(.vector_13)
 .vector_13     0x9d03f3a0        0x8 /opt/microchip/xc32/v1.32/bin/bin/../../lib/gcc/pic32mx/4.5.2/../../../../pic32mx/lib/libpic32.a(vector13.o)
                0x9d03f3a0                __vector_dispatch_13
                0x00000001                ASSERT (((_vector_spacing == 0x0) || (SIZEOF (.vector_13) <= (_vector_spacing << 0x5))), function at exception vector 13 too large)

.vector_14      0x9d03f3c0        0x8
 *(.vector_14)
 .vector_14     0x9d03f3c0        0x8 lib_videoout_machikania.X.a(videoout.o)
                0x9d03f3c0                __vector_dispatch_14
                0x00000001                ASSERT (((_vector_spacing == 0x0) || (SIZEOF (.vector_14) <= (_vector_spacing << 0x5))), function at exception vector 14 too large)

.vector_15      0x9d03f3e0        0x8
 *(.vector_15)
 .vector_15     0x9d03f3e0        0x8 /opt/microchip/xc32/v1.32/bin/bin/../../lib/gcc/pic32mx/4.5.2/../../../../pic32mx/lib/libpic32.a(vector15.o)
                0x9d03f3e0                __vector_dispatch_15
                0x00000001                ASSERT (((_vector_spacing == 0x0) || (SIZEOF (.vector_15) <= (_vector_spacing << 0x5))), function at exception vector 15 too large)

.vector_16      0x9d03f400        0x8
 *(.vector_16)
 .vector_16     0x9d03f400        0x8 build/default/production/music.o
                0x9d03f400                __vector_dispatch_16
                0x00000001                ASSERT (((_vector_spacing == 0x0) || (SIZEOF (.vector_16) <= (_vector_spacing << 0x5))), function at exception vector 16 too large)

.vector_17      0x9d03f420        0x8
 *(.vector_17)
 .vector_17     0x9d03f420        0x8 /opt/microchip/xc32/v1.32/bin/bin/../../lib/gcc/pic32mx/4.5.2/../../../../pic32mx/lib/libpic32.a(vector17.o)
                0x9d03f420                __vector_dispatch_17
                0x00000001                ASSERT (((_vector_spacing == 0x0) || (SIZEOF (.vector_17) <= (_vector_spacing << 0x5))), function at exception vector 17 too large)

.vector_18      0x9d03f440        0x8
 *(.vector_18)
 .vector_18     0x9d03f440        0x8 /opt/microchip/xc32/v1.32/bin/bin/../../lib/gcc/pic32mx/4.5.2/../../../../pic32mx/lib/libpic32.a(vector18.o)
                0x9d03f440                __vector_dispatch_18
                0x00000001                ASSERT (((_vector_spacing == 0x0) || (SIZEOF (.vector_18) <= (_vector_spacing << 0x5))), function at exception vector 18 too large)

.vector_19      0x9d03f460        0x8
 *(.vector_19)
 .vector_19     0x9d03f460        0x8 /opt/microchip/xc32/v1.32/bin/bin/../../lib/gcc/pic32mx/4.5.2/../../../../pic32mx/lib/libpic32.a(vector19.o)
                0x9d03f460                __vector_dispatch_19
                0x00000001                ASSERT (((_vector_spacing == 0x0) || (SIZEOF (.vector_19) <= (_vector_spacing << 0x5))), function at exception vector 19 too large)

.vector_20      0x9d03f480        0x8
 *(.vector_20)
 .vector_20     0x9d03f480        0x8 ps2keyboard.X.a(ps2keyboard.o)
                0x9d03f480                __vector_dispatch_20
                0x00000001                ASSERT (((_vector_spacing == 0x0) || (SIZEOF (.vector_20) <= (_vector_spacing << 0x5))), function at exception vector 20 too large)

.vector_21      0x9d03f4a0        0x8
 *(.vector_21)
 .vector_21     0x9d03f4a0        0x8 /opt/microchip/xc32/v1.32/bin/bin/../../lib/gcc/pic32mx/4.5.2/../../../../pic32mx/lib/libpic32.a(vector21.o)
                0x9d03f4a0                __vector_dispatch_21
                0x00000001                ASSERT (((_vector_spacing == 0x0) || (SIZEOF (.vector_21) <= (_vector_spacing << 0x5))), function at exception vector 21 too large)

.vector_22      0x9d03f4c0        0x8
 *(.vector_22)
 .vector_22     0x9d03f4c0        0x8 /opt/microchip/xc32/v1.32/bin/bin/../../lib/gcc/pic32mx/4.5.2/../../../../pic32mx/lib/libpic32.a(vector22.o)
                0x9d03f4c0                __vector_dispatch_22
                0x00000001                ASSERT (((_vector_spacing == 0x0) || (SIZEOF (.vector_22) <= (_vector_spacing << 0x5))), function at exception vector 22 too large)

.vector_23      0x9d03f4e0        0x8
 *(.vector_23)
 .vector_23     0x9d03f4e0        0x8 /opt/microchip/xc32/v1.32/bin/bin/../../lib/gcc/pic32mx/4.5.2/../../../../pic32mx/lib/libpic32.a(vector23.o)
                0x9d03f4e0                __vector_dispatch_23
                0x00000001                ASSERT (((_vector_spacing == 0x0) || (SIZEOF (.vector_23) <= (_vector_spacing << 0x5))), function at exception vector 23 too large)

.vector_24      0x9d03f500        0x8
 *(.vector_24)
 .vector_24     0x9d03f500        0x8 /opt/microchip/xc32/v1.32/bin/bin/../../lib/gcc/pic32mx/4.5.2/../../../../pic32mx/lib/libpic32.a(vector24.o)
                0x9d03f500                __vector_dispatch_24
                0x00000001                ASSERT (((_vector_spacing == 0x0) || (SIZEOF (.vector_24) <= (_vector_spacing << 0x5))), function at exception vector 24 too large)

.vector_25      0x9d03f520        0x8
 *(.vector_25)
 .vector_25     0x9d03f520        0x8 /opt/microchip/xc32/v1.32/bin/bin/../../lib/gcc/pic32mx/4.5.2/../../../../pic32mx/lib/libpic32.a(vector25.o)
                0x9d03f520                __vector_dispatch_25
                0x00000001                ASSERT (((_vector_spacing == 0x0) || (SIZEOF (.vector_25) <= (_vector_spacing << 0x5))), function at exception vector 25 too large)

.vector_26      0x9d03f540        0x8
 *(.vector_26)
 .vector_26     0x9d03f540        0x8 /opt/microchip/xc32/v1.32/bin/bin/../../lib/gcc/pic32mx/4.5.2/../../../../pic32mx/lib/libpic32.a(vector26.o)
                0x9d03f540                __vector_dispatch_26
                0x00000001                ASSERT (((_vector_spacing == 0x0) || (SIZEOF (.vector_26) <= (_vector_spacing << 0x5))), function at exception vector 26 too large)

.vector_27      0x9d03f560        0x8
 *(.vector_27)
 .vector_27     0x9d03f560        0x8 /opt/microchip/xc32/v1.32/bin/bin/../../lib/gcc/pic32mx/4.5.2/../../../../pic32mx/lib/libpic32.a(vector27.o)
                0x9d03f560                __vector_dispatch_27
                0x00000001                ASSERT (((_vector_spacing == 0x0) || (SIZEOF (.vector_27) <= (_vector_spacing << 0x5))), function at exception vector 27 too large)

.vector_28      0x9d03f580        0x8
 *(.vector_28)
 .vector_28     0x9d03f580        0x8 /opt/microchip/xc32/v1.32/bin/bin/../../lib/gcc/pic32mx/4.5.2/../../../../pic32mx/lib/libpic32.a(vector28.o)
                0x9d03f580                __vector_dispatch_28
                0x00000001                ASSERT (((_vector_spacing == 0x0) || (SIZEOF (.vector_28) <= (_vector_spacing << 0x5))), function at exception vector 28 too large)

.vector_29      0x9d03f5a0        0x8
 *(.vector_29)
 .vector_29     0x9d03f5a0        0x8 /opt/microchip/xc32/v1.32/bin/bin/../../lib/gcc/pic32mx/4.5.2/../../../../pic32mx/lib/libpic32.a(vector29.o)
                0x9d03f5a0                __vector_dispatch_29
                0x00000001                ASSERT (((_vector_spacing == 0x0) || (SIZEOF (.vector_29) <= (_vector_spacing << 0x5))), function at exception vector 29 too large)

.vector_30      0x9d03f5c0        0x8
 *(.vector_30)
 .vector_30     0x9d03f5c0        0x8 /opt/microchip/xc32/v1.32/bin/bin/../../lib/gcc/pic32mx/4.5.2/../../../../pic32mx/lib/libpic32.a(vector30.o)
                0x9d03f5c0                __vector_dispatch_30
                0x00000001                ASSERT (((_vector_spacing == 0x0) || (SIZEOF (.vector_30) <= (_vector_spacing << 0x5))), function at exception vector 30 too large)

.vector_31      0x9d03f5e0        0x8
 *(.vector_31)
 .vector_31     0x9d03f5e0        0x8 /opt/microchip/xc32/v1.32/bin/bin/../../lib/gcc/pic32mx/4.5.2/../../../../pic32mx/lib/libpic32.a(vector31.o)
                0x9d03f5e0                __vector_dispatch_31
                0x00000001                ASSERT (((_vector_spacing == 0x0) || (SIZEOF (.vector_31) <= (_vector_spacing << 0x5))), function at exception vector 31 too large)

.vector_32      0x9d03f600        0x8
 *(.vector_32)
 .vector_32     0x9d03f600        0x8 /opt/microchip/xc32/v1.32/bin/bin/../../lib/gcc/pic32mx/4.5.2/../../../../pic32mx/lib/libpic32.a(vector32.o)
                0x9d03f600                __vector_dispatch_32
                0x00000001                ASSERT (((_vector_spacing == 0x0) || (SIZEOF (.vector_32) <= (_vector_spacing << 0x5))), function at exception vector 32 too large)

.vector_33      0x9d03f620        0x8
 *(.vector_33)
 .vector_33     0x9d03f620        0x8 /opt/microchip/xc32/v1.32/bin/bin/../../lib/gcc/pic32mx/4.5.2/../../../../pic32mx/lib/libpic32.a(vector33.o)
                0x9d03f620                __vector_dispatch_33
                0x00000001                ASSERT (((_vector_spacing == 0x0) || (SIZEOF (.vector_33) <= (_vector_spacing << 0x5))), function at exception vector 33 too large)

.vector_34      0x9d03f640        0x8
 *(.vector_34)
 .vector_34     0x9d03f640        0x8 ps2keyboard.X.a(ps2keyboard.o)
                0x9d03f640                __vector_dispatch_34
                0x00000001                ASSERT (((_vector_spacing == 0x0) || (SIZEOF (.vector_34) <= (_vector_spacing << 0x5))), function at exception vector 34 too large)

.vector_35      0x9d03f660        0x8
 *(.vector_35)
 .vector_35     0x9d03f660        0x8 /opt/microchip/xc32/v1.32/bin/bin/../../lib/gcc/pic32mx/4.5.2/../../../../pic32mx/lib/libpic32.a(vector35.o)
                0x9d03f660                __vector_dispatch_35
                0x00000001                ASSERT (((_vector_spacing == 0x0) || (SIZEOF (.vector_35) <= (_vector_spacing << 0x5))), function at exception vector 35 too large)

.vector_36      0x9d03f680        0x8
 *(.vector_36)
 .vector_36     0x9d03f680        0x8 /opt/microchip/xc32/v1.32/bin/bin/../../lib/gcc/pic32mx/4.5.2/../../../../pic32mx/lib/libpic32.a(vector36.o)
                0x9d03f680                __vector_dispatch_36
                0x00000001                ASSERT (((_vector_spacing == 0x0) || (SIZEOF (.vector_36) <= (_vector_spacing << 0x5))), function at exception vector 36 too large)

.vector_37      0x9d03f6a0        0x8
 *(.vector_37)
 .vector_37     0x9d03f6a0        0x8 /opt/microchip/xc32/v1.32/bin/bin/../../lib/gcc/pic32mx/4.5.2/../../../../pic32mx/lib/libpic32.a(vector37.o)
                0x9d03f6a0                __vector_dispatch_37
                0x00000001                ASSERT (((_vector_spacing == 0x0) || (SIZEOF (.vector_37) <= (_vector_spacing << 0x5))), function at exception vector 37 too large)

.vector_38      0x9d03f6c0        0x8
 *(.vector_38)
 .vector_38     0x9d03f6c0        0x8 /opt/microchip/xc32/v1.32/bin/bin/../../lib/gcc/pic32mx/4.5.2/../../../../pic32mx/lib/libpic32.a(vector38.o)
                0x9d03f6c0                __vector_dispatch_38
                0x00000001                ASSERT (((_vector_spacing == 0x0) || (SIZEOF (.vector_38) <= (_vector_spacing << 0x5))), function at exception vector 38 too large)

.vector_39      0x9d03f6e0        0x8
 *(.vector_39)
 .vector_39     0x9d03f6e0        0x8 /opt/microchip/xc32/v1.32/bin/bin/../../lib/gcc/pic32mx/4.5.2/../../../../pic32mx/lib/libpic32.a(vector39.o)
                0x9d03f6e0                __vector_dispatch_39
                0x00000001                ASSERT (((_vector_spacing == 0x0) || (SIZEOF (.vector_39) <= (_vector_spacing << 0x5))), function at exception vector 39 too large)

.vector_40      0x9d03f700        0x8
 *(.vector_40)
 .vector_40     0x9d03f700        0x8 /opt/microchip/xc32/v1.32/bin/bin/../../lib/gcc/pic32mx/4.5.2/../../../../pic32mx/lib/libpic32.a(vector40.o)
                0x9d03f700                __vector_dispatch_40
                0x00000001                ASSERT (((_vector_spacing == 0x0) || (SIZEOF (.vector_40) <= (_vector_spacing << 0x5))), function at exception vector 40 too large)

.vector_41      0x9d03f720        0x8
 *(.vector_41)
 .vector_41     0x9d03f720        0x8 /opt/microchip/xc32/v1.32/bin/bin/../../lib/gcc/pic32mx/4.5.2/../../../../pic32mx/lib/libpic32.a(vector41.o)
                0x9d03f720                __vector_dispatch_41
                0x00000001                ASSERT (((_vector_spacing == 0x0) || (SIZEOF (.vector_41) <= (_vector_spacing << 0x5))), function at exception vector 41 too large)

.vector_42      0x9d03f740        0x8
 *(.vector_42)
 .vector_42     0x9d03f740        0x8 /opt/microchip/xc32/v1.32/bin/bin/../../lib/gcc/pic32mx/4.5.2/../../../../pic32mx/lib/libpic32.a(vector42.o)
                0x9d03f740                __vector_dispatch_42
                0x00000001                ASSERT (((_vector_spacing == 0x0) || (SIZEOF (.vector_42) <= (_vector_spacing << 0x5))), function at exception vector 42 too large)

.vector_43      0x9d03f760        0x8
 *(.vector_43)
 .vector_43     0x9d03f760        0x8 /opt/microchip/xc32/v1.32/bin/bin/../../lib/gcc/pic32mx/4.5.2/../../../../pic32mx/lib/libpic32.a(vector43.o)
                0x9d03f760                __vector_dispatch_43
                0x00000001                ASSERT (((_vector_spacing == 0x0) || (SIZEOF (.vector_43) <= (_vector_spacing << 0x5))), function at exception vector 43 too large)

.vector_44      0x9d03f780        0x8
 *(.vector_44)
 .vector_44     0x9d03f780        0x8 /opt/microchip/xc32/v1.32/bin/bin/../../lib/gcc/pic32mx/4.5.2/../../../../pic32mx/lib/libpic32.a(vector44.o)
                0x9d03f780                __vector_dispatch_44
                0x00000001                ASSERT (((_vector_spacing == 0x0) || (SIZEOF (.vector_44) <= (_vector_spacing << 0x5))), function at exception vector 44 too large)

.vector_45      0x9d03f7a0        0x8
 *(.vector_45)
 .vector_45     0x9d03f7a0        0x8 /opt/microchip/xc32/v1.32/bin/bin/../../lib/gcc/pic32mx/4.5.2/../../../../pic32mx/lib/libpic32.a(vector45.o)
                0x9d03f7a0                __vector_dispatch_45
                0x00000001                ASSERT (((_vector_spacing == 0x0) || (SIZEOF (.vector_45) <= (_vector_spacing << 0x5))), function at exception vector 45 too large)

.vector_46      0x9d03f7c0        0x8
 *(.vector_46)
 .vector_46     0x9d03f7c0        0x8 /opt/microchip/xc32/v1.32/bin/bin/../../lib/gcc/pic32mx/4.5.2/../../../../pic32mx/lib/libpic32.a(vector46.o)
                0x9d03f7c0                __vector_dispatch_46
                0x00000001                ASSERT (((_vector_spacing == 0x0) || (SIZEOF (.vector_46) <= (_vector_spacing << 0x5))), function at exception vector 46 too large)

.vector_47      0x9d03f7e0        0x8
 *(.vector_47)
 .vector_47     0x9d03f7e0        0x8 /opt/microchip/xc32/v1.32/bin/bin/../../lib/gcc/pic32mx/4.5.2/../../../../pic32mx/lib/libpic32.a(vector47.o)
                0x9d03f7e0                __vector_dispatch_47
                0x00000001                ASSERT (((_vector_spacing == 0x0) || (SIZEOF (.vector_47) <= (_vector_spacing << 0x5))), function at exception vector 47 too large)

.vector_48      0x9d03f800        0x8
 *(.vector_48)
 .vector_48     0x9d03f800        0x8 /opt/microchip/xc32/v1.32/bin/bin/../../lib/gcc/pic32mx/4.5.2/../../../../pic32mx/lib/libpic32.a(vector48.o)
                0x9d03f800                __vector_dispatch_48
                0x00000001                ASSERT (((_vector_spacing == 0x0) || (SIZEOF (.vector_48) <= (_vector_spacing << 0x5))), function at exception vector 48 too large)

.vector_49      0x9d03f820        0x8
 *(.vector_49)
 .vector_49     0x9d03f820        0x8 /opt/microchip/xc32/v1.32/bin/bin/../../lib/gcc/pic32mx/4.5.2/../../../../pic32mx/lib/libpic32.a(vector49.o)
                0x9d03f820                __vector_dispatch_49
                0x00000001                ASSERT (((_vector_spacing == 0x0) || (SIZEOF (.vector_49) <= (_vector_spacing << 0x5))), function at exception vector 49 too large)

.vector_50      0x9d03f840        0x8
 *(.vector_50)
 .vector_50     0x9d03f840        0x8 /opt/microchip/xc32/v1.32/bin/bin/../../lib/gcc/pic32mx/4.5.2/../../../../pic32mx/lib/libpic32.a(vector50.o)
                0x9d03f840                __vector_dispatch_50
                0x00000001                ASSERT (((_vector_spacing == 0x0) || (SIZEOF (.vector_50) <= (_vector_spacing << 0x5))), function at exception vector 50 too large)

.vector_51      0x9d03f860        0x8
 *(.vector_51)
 .vector_51     0x9d03f860        0x8 /opt/microchip/xc32/v1.32/bin/bin/../../lib/gcc/pic32mx/4.5.2/../../../../pic32mx/lib/libpic32.a(vector51.o)
                0x9d03f860                __vector_dispatch_51
                0x00000001                ASSERT (((_vector_spacing == 0x0) || (SIZEOF (.vector_51) <= (_vector_spacing << 0x5))), function at exception vector 51 too large)

.vector_52      0x9d03f880        0x8
 *(.vector_52)
 .vector_52     0x9d03f880        0x8 /opt/microchip/xc32/v1.32/bin/bin/../../lib/gcc/pic32mx/4.5.2/../../../../pic32mx/lib/libpic32.a(vector52.o)
                0x9d03f880                __vector_dispatch_52
                0x00000001                ASSERT (((_vector_spacing == 0x0) || (SIZEOF (.vector_52) <= (_vector_spacing << 0x5))), function at exception vector 52 too large)

.vector_53      0x9d03f8a0        0x8
 *(.vector_53)
 .vector_53     0x9d03f8a0        0x8 /opt/microchip/xc32/v1.32/bin/bin/../../lib/gcc/pic32mx/4.5.2/../../../../pic32mx/lib/libpic32.a(vector53.o)
                0x9d03f8a0                __vector_dispatch_53
                0x00000001                ASSERT (((_vector_spacing == 0x0) || (SIZEOF (.vector_53) <= (_vector_spacing << 0x5))), function at exception vector 53 too large)

.vector_54      0x9d03f8c0        0x8
 *(.vector_54)
 .vector_54     0x9d03f8c0        0x8 /opt/microchip/xc32/v1.32/bin/bin/../../lib/gcc/pic32mx/4.5.2/../../../../pic32mx/lib/libpic32.a(vector54.o)
                0x9d03f8c0                __vector_dispatch_54
                0x00000001                ASSERT (((_vector_spacing == 0x0) || (SIZEOF (.vector_54) <= (_vector_spacing << 0x5))), function at exception vector 54 too large)

.vector_55      0x9d03f8e0        0x8
 *(.vector_55)
 .vector_55     0x9d03f8e0        0x8 /opt/microchip/xc32/v1.32/bin/bin/../../lib/gcc/pic32mx/4.5.2/../../../../pic32mx/lib/libpic32.a(vector55.o)
                0x9d03f8e0                __vector_dispatch_55
                0x00000001                ASSERT (((_vector_spacing == 0x0) || (SIZEOF (.vector_55) <= (_vector_spacing << 0x5))), function at exception vector 55 too large)

.vector_56      0x9d03f900        0x8
 *(.vector_56)
 .vector_56     0x9d03f900        0x8 /opt/microchip/xc32/v1.32/bin/bin/../../lib/gcc/pic32mx/4.5.2/../../../../pic32mx/lib/libpic32.a(vector56.o)
                0x9d03f900                __vector_dispatch_56
                0x00000001                ASSERT (((_vector_spacing == 0x0) || (SIZEOF (.vector_56) <= (_vector_spacing << 0x5))), function at exception vector 56 too large)

.vector_57      0x9d03f920        0x8
 *(.vector_57)
 .vector_57     0x9d03f920        0x8 /opt/microchip/xc32/v1.32/bin/bin/../../lib/gcc/pic32mx/4.5.2/../../../../pic32mx/lib/libpic32.a(vector57.o)
                0x9d03f920                __vector_dispatch_57
                0x00000001                ASSERT (((_vector_spacing == 0x0) || (SIZEOF (.vector_57) <= (_vector_spacing << 0x5))), function at exception vector 57 too large)

.vector_58      0x9d03f940        0x8
 *(.vector_58)
 .vector_58     0x9d03f940        0x8 /opt/microchip/xc32/v1.32/bin/bin/../../lib/gcc/pic32mx/4.5.2/../../../../pic32mx/lib/libpic32.a(vector58.o)
                0x9d03f940                __vector_dispatch_58
                0x00000001                ASSERT (((_vector_spacing == 0x0) || (SIZEOF (.vector_58) <= (_vector_spacing << 0x5))), function at exception vector 58 too large)

.vector_59      0x9d03f960        0x8
 *(.vector_59)
 .vector_59     0x9d03f960        0x8 /opt/microchip/xc32/v1.32/bin/bin/../../lib/gcc/pic32mx/4.5.2/../../../../pic32mx/lib/libpic32.a(vector59.o)
                0x9d03f960                __vector_dispatch_59
                0x00000001                ASSERT (((_vector_spacing == 0x0) || (SIZEOF (.vector_59) <= (_vector_spacing << 0x5))), function at exception vector 59 too large)

.vector_60      0x9d03f980        0x8
 *(.vector_60)
 .vector_60     0x9d03f980        0x8 /opt/microchip/xc32/v1.32/bin/bin/../../lib/gcc/pic32mx/4.5.2/../../../../pic32mx/lib/libpic32.a(vector60.o)
                0x9d03f980                __vector_dispatch_60
                0x00000001                ASSERT (((_vector_spacing == 0x0) || (SIZEOF (.vector_60) <= (_vector_spacing << 0x5))), function at exception vector 60 too large)

.vector_61      0x9d03f9a0        0x8
 *(.vector_61)
 .vector_61     0x9d03f9a0        0x8 /opt/microchip/xc32/v1.32/bin/bin/../../lib/gcc/pic32mx/4.5.2/../../../../pic32mx/lib/libpic32.a(vector61.o)
                0x9d03f9a0                __vector_dispatch_61
                0x00000001                ASSERT (((_vector_spacing == 0x0) || (SIZEOF (.vector_61) <= (_vector_spacing << 0x5))), function at exception vector 61 too large)

.vector_62      0x9d03f9c0        0x8
 *(.vector_62)
 .vector_62     0x9d03f9c0        0x8 /opt/microchip/xc32/v1.32/bin/bin/../../lib/gcc/pic32mx/4.5.2/../../../../pic32mx/lib/libpic32.a(vector62.o)
                0x9d03f9c0                __vector_dispatch_62
                0x00000001                ASSERT (((_vector_spacing == 0x0) || (SIZEOF (.vector_62) <= (_vector_spacing << 0x5))), function at exception vector 62 too large)

.vector_63      0x9d03f9e0        0x8
 *(.vector_63)
 .vector_63     0x9d03f9e0        0x8 /opt/microchip/xc32/v1.32/bin/bin/../../lib/gcc/pic32mx/4.5.2/../../../../pic32mx/lib/libpic32.a(vector63.o)
                0x9d03f9e0                __vector_dispatch_63
                0x00000001                ASSERT (((_vector_spacing == 0x0) || (SIZEOF (.vector_63) <= (_vector_spacing << 0x5))), function at exception vector 63 too large)

.startup
 *(.startup)

.text           0x9d000000        0x0
 *(.stub .gnu.linkonce.t.*)
 *(.text.*personality*)
 *(.mips16.fn.*)
 *(.mips16.call.*)
 *(.gnu.warning)
                0x9d000000                . = ALIGN (0x4)

.init           0x9d000000        0x0
 *crti.o(.init)
 *crtbegin.o(.init)
 *(EXCLUDE_FILE(*crtn.o *crtend?.o *crtend.o) .init)
 *crtend.o(.init)
 *crtn.o(.init)
                0x9d000000                . = ALIGN (0x4)

.fini           0x9d000000        0x0
 *(.fini)
                0x9d000000                . = ALIGN (0x4)

.preinit_array  0x9d000000        0x0
                0x9d000000                PROVIDE (__preinit_array_start, .)
 *(.preinit_array)
                0x9d000000                PROVIDE (__preinit_array_end, .)
                0x9d000000                . = ALIGN (0x4)

.init_array     0x9d000000        0x0
                0x9d000000                PROVIDE (__init_array_start, .)
 *(SORT(.init_array.*))
 *(.init_array)
                0x9d000000                PROVIDE (__init_array_end, .)
                0x9d000000                . = ALIGN (0x4)

.fini_array     0x9d000000        0x0
                0x9d000000                PROVIDE (__fini_array_start, .)
 *(SORT(.fini_array.*))
 *(.fini_array)
                0x9d000000                PROVIDE (__fini_array_end, .)
                0x9d000000                . = ALIGN (0x4)

.ctors          0x9d000000        0x0
 *crtbegin.o(.ctors)
 *crtbegin?.o(.ctors)
 *(EXCLUDE_FILE(*crtend?.o *crtend.o) .ctors)
 *(SORT(.ctors.*))
 *(.ctors)
                0x9d000000                . = ALIGN (0x4)

.dtors          0x9d000000        0x0
 *crtbegin.o(.dtors)
 *crtbegin?.o(.dtors)
 *(EXCLUDE_FILE(*crtend?.o *crtend.o) .dtors)
 *(SORT(.dtors.*))
 *(.dtors)
                0x9d000000                . = ALIGN (0x4)

.rodata         0x9d000000        0x0
 *(.gnu.linkonce.r.*)
 *(.rodata1)
                0x9d000000                . = ALIGN (0x4)

.sdata2         0x9fc00490        0x0
 *(.sdata2 .sdata2.* .gnu.linkonce.s2.*)
                0x9fc00490                . = ALIGN (0x4)

.sbss2          0x9fc00490        0x0
 *(.sbss2 .sbss2.* .gnu.linkonce.sb2.*)
                0x9fc00490                . = ALIGN (0x4)

.eh_frame_hdr
 *(.eh_frame_hdr)
                0x9fc00490                . = ALIGN (0x4)

.eh_frame
 *(.eh_frame)
                0x9fc00490                . = ALIGN (0x4)

.gcc_except_table
 *(.gcc_except_table .gcc_except_table.*)
                0x9fc00490                . = ALIGN (0x4)

.dbg_data       0xa0000000        0x0
                0xa0000000                . = (. + DEFINED (_DEBUGGER)?0x200:0x0)

.jcr            0xa0000000        0x0
 *(.jcr)
                0xa0000000                . = ALIGN (0x4)

.eh_frame       0xa0000000       0x30
 *(.eh_frame)
 .eh_frame      0xa0000000       0x20 /opt/microchip/xc32/v1.32/bin/bin/../../lib/gcc/pic32mx/4.5.2/libgcc.a(_udivdi3.o)
 .eh_frame      0xa0000020       0x10 /opt/microchip/xc32/v1.32/bin/bin/../../lib/gcc/pic32mx/4.5.2/libgcc.a(_umoddi3.o)
                0xa0000030                . = ALIGN (0x4)

.gcc_except_table
 *(.gcc_except_table .gcc_except_table.*)
                0xa0000030                . = ALIGN (0x4)

.persist        0xa0000030        0x0
                0xa0000030                _persist_begin = .
 *(.persist .persist.*)
 *(.pbss .pbss.*)
                0xa0000030                . = ALIGN (0x4)
                0xa0000030                _persist_end = .

.data           0xa0000030        0x0
 *(.gnu.linkonce.d.*)
 *(.data1)
                0xa0000030                . = ALIGN (0x4)
                0xa0000030                . = .
                0xa0008020                _gp = (ALIGN (0x10) + 0x7ff0)

.got            0xa0000030        0x0
 *(.got.plt)
 *(.got)
                0xa0000030                . = ALIGN (0x4)

.sdata          0xa0000030       0x20
                0xa0000030                _sdata_begin = .
 *(.sdata .sdata.* .gnu.linkonce.s.*)
 .sdata         0xa0000030        0x4 build/default/production/editor.o
                0xa0000030                move_tok
 .sdata         0xa0000034        0x1 build/default/production/fontx2.o
                0xa0000034                ptpoint
 *fill*         0xa0000035        0x3 
 .sdata         0xa0000038        0x4 build/default/production/library.o
 .sdata         0xa000003c        0xc libsdfsio.a(FSIO.o)
                0xa000003c                gLastFATSectorRead
                0xa0000040                gLastDataSectorRead
                0xa0000044                cwdptr
 .sdata         0xa0000048        0x4 /opt/microchip/xc32/v1.32/bin/bin/../../lib/gcc/pic32mx/4.5.2/../../../../pic32mx/lib/libc.a(_iob.o)
                0xa0000048                _Files
 .sdata         0xa000004c        0x4 /opt/microchip/xc32/v1.32/bin/bin/../../lib/gcc/pic32mx/4.5.2/../../../../pic32mx/lib/libpic32.a(xc32_uart.o)
                0xa000004c                __XC_UART
                0xa0000050                . = ALIGN (0x4)
                0xa0000050                _sdata_end = .

.lit8
 *(.lit8)

.lit4
 *(.lit4)
                0xa0000050                . = ALIGN (0x4)
                0xa0000050                _data_end = .
                0xa0000050                _bss_begin = .

.sbss           0xa0000050      0x22c
                0xa0000050                _sbss_begin = .
 *(.dynsbss)
 *(.sbss .sbss.* .gnu.linkonce.sb.*)
 .sbss          0xa0000050       0x18 build/default/production/library.o
 .sbss          0xa0000068       0x30 build/default/production/music.o
 .sbss          0xa0000098        0x4 build/default/production/compiler.o
 .sbss          0xa000009c        0x8 build/default/production/error.o
 .sbss          0xa00000a4       0x10 build/default/production/file.o
 .sbss          0xa00000b4        0xc libsdfsio.a(FSIO.o)
                0xa00000b4                gNeedFATWrite
                0xa00000b8                gBufferOwner
                0xa00000bc                gNeedDataWrite
                0xa00000bd                nextClusterIsLast
                0xa00000be                gBufferZeroed
                0xa00000bf                recache
 .sbss          0xa00000c0       0x1c libsdfsio.a(SD-SPI.o)
 .sbss          0xa00000dc        0x4 /opt/microchip/xc32/v1.32/bin/bin/../../lib/gcc/pic32mx/4.5.2/../../../../pic32mx/lib/libc.a(errno.o)
                0xa00000dc                errno
 .sbss          0xa00000e0        0x1 /opt/microchip/xc32/v1.32/bin/bin/../../lib/gcc/pic32mx/4.5.2/../../../../pic32mx/lib/libc.a(_iob.o)
                0xa00000e0                _outdone
 *(.scommon)
 *fill*         0xa00000e1        0x3 
 .scommon       0xa00000e4        0xc build/default/production/document.o
                0xa00000e4                notag
                0xa00000e8                tags
                0xa00000ec                buff_doc
 .scommon       0xa00000f0       0x82 build/default/production/editor.o
                0xa00000f0                clipsize
                0xa00000f4                editormallocp
                0xa00000f8                cx2
                0xa00000fc                cwdpath
                0xa0000100                clipboard
                0xa0000104                disptopix_t
                0xa0000108                cy
                0xa000010c                TBufstart
                0xa0000110                disptopbp_t
                0xa0000114                line_no_t
                0xa0000118                line_no1
                0xa000011c                cx
                0xa0000120                line_no
                0xa0000124                cx_t
                0xa0000128                TextBuffer
                0xa000012c                cursorbp_t
                0xa0000130                cursorbp1
                0xa0000134                cy_t
                0xa0000138                cursorbp
                0xa000013c                cx1
                0xa0000140                disptopix
                0xa0000144                undobuf_top
                0xa0000148                cursorix1
                0xa000014c                cy1
                0xa0000150                undobuf
                0xa0000154                num
                0xa0000158                cursorix_t
                0xa000015c                filenames
                0xa0000160                disptopbp
                0xa0000164                edited
                0xa0000168                undobuf_used
                0xa000016c                filebuf
                0xa0000170                cursorix
 *fill*         0xa0000172        0x2 
 .scommon       0xa0000174        0x8 build/default/production/fontx2.o
                0xa0000174                pcg_space
                0xa0000178                pcgram
 .scommon       0xa000017c        0x4 build/default/production/linker.o
                0xa000017c                g_label
 .scommon       0xa0000180       0x61 build/default/production/globalvars.o
                0xa0000180                g_sdepth
                0xa0000184                g_temp_area_used
                0xa0000188                g_source
                0xa000018c                g_srcpos
                0xa0000190                g_line
                0xa0000194                g_object
                0xa0000198                g_fileline
                0xa000019c                g_s6
                0xa00001a0                g_rnd_seed
                0xa00001a4                g_graphic_area
                0xa00001a8                g_objmax
                0xa00001ac                g_use_graphic
                0xa00001b0                g_libparams
                0xa00001b4                g_intconst
                0xa00001b8                g_objpos
                0xa00001bc                g_maxsdepth
                0xa00001c0                g_pcg_font
                0xa00001c4                g_heap_mem
                0xa00001c8                g_lastvar
                0xa00001cc                g_max_mem
                0xa00001d0                g_disable_break
                0xa00001d4                g_end_addr
                0xa00001d8                g_temp
                0xa00001dc                g_gp
                0xa00001e0                g_valueisconst
 *fill*         0xa00001e1        0x3 
 .scommon       0xa00001e4        0xa build/default/production/keyinput.o
                0xa00001e4                blinktimer
                0xa00001e8                insertmode
                0xa00001ec                blinkcolor
                0xa00001ed                blinkchar
 *fill*         0xa00001ee        0x2 
 .scommon       0xa00001f0        0x4 build/default/production/operator.o
                0xa00001f0                g_last_op
 .scommon       0xa00001f4       0x1c lib_videoout_machikania.X.a(videoout.o)
                0xa00001f4                drawcount
                0xa00001f8                VRAMp
                0xa00001fc                bgcolor
                0xa0000200                twidth
                0xa0000201                graphmode
                0xa0000202                LineCount
                0xa0000204                drawing
                0xa0000208                gVRAM
                0xa000020c                fontp
 .scommon       0xa0000210        0x8 lib_videoout_machikania.X.a(textvideolib.o)
                0xa0000210                cursorcolor
                0xa0000214                cursor
 .scommon       0xa0000218       0x24 libsdfsio.a(FSIO.o)
                0xa0000218                gFileSlotOpen
                0xa000021a                gTimeCrtMS
                0xa000021c                asciiFilename
                0xa0000220                gTimeCrtTime
                0xa0000224                FatRootDirClusterValue
                0xa0000228                gTimeWrtDate
                0xa000022a                fileNameLength
                0xa000022c                gTimeCrtDate
                0xa0000230                TempClusterCalc
                0xa0000234                dirCleared
                0xa0000236                gTimeAccDate
                0xa0000238                FSerrno
                0xa000023a                gTimeWrtTime
 .scommon       0xa000023c        0x7 libsdfsio.a(SD-SPI.o)
                0xa000023c                MDD_SDSPI_finalLBA
                0xa0000240                gMediaSectorSize
                0xa0000242                gSDMode
 *fill*         0xa0000243        0x1 
 .scommon       0xa0000244       0x38 ps2keyboard.X.a(ps2keyboard.o)
                0xa0000244                ps2receiveError
                0xa0000245                ps2sendError
                0xa0000246                keytype
                0xa0000248                ps2sendcomdata
                0xa000024c                ps2sending
                0xa000024d                ps2receivecommand
                0xa000024e                ps2status
                0xa0000250                ps2shiftkey_a
                0xa0000252                senddata
                0xa0000254                ps2sendcombyte
                0xa0000255                sendcount
                0xa0000256                ps2shiftkey
                0xa0000258                ps2receivetime
                0xa000025c                vkey
                0xa0000260                keycodebufp2
                0xa0000264                receivedata
                0xa0000265                ps2receivecommandflag
                0xa0000266                receivecount
                0xa0000268                ps2statuscount
                0xa000026c                scancodebufp2
                0xa0000270                lockkey
                0xa0000274                scancodebufp1
                0xa0000278                keycodebufp1
                0xa000027c                _sbss_end = .
                0xa000027c                . = ALIGN (0x4)

.bss            0xa000027c     0x16b4
 *(.dynbss)
 *(COMMON)
 COMMON         0xa000027c       0x1d build/default/production/editor.o
                0xa000027c                currentfile
                0xa000028c                tempfile
 *fill*         0xa0000299        0x3 
 COMMON         0xa000029c      0x180 build/default/production/globalvars.o
                0xa000029c                g_var_size
                0xa00002fc                g_var_mem
                0xa00003bc                g_var_pointer
 COMMON         0xa000041c      0x100 build/default/production/keyinput.o
                0xa000041c                lineinputbuf
 COMMON         0xa000051c      0xd71 lib_videoout_machikania.X.a(videoout.o)
                0xa000051c                ClTable
                0xa000091c                gClTable
                0xa0000a1c                TVRAM
 *fill*         0xa000128d        0x3 
 COMMON         0xa0001290      0x56e libsdfsio.a(FSIO.o)
                0xa0001290                gDataBuffer
                0xa0001490                tempDirectoryString
                0xa00014a0                cwd
                0xa00014dc                tempCWDobj
                0xa0001518                gFATBuffer
                0xa0001718                gFileArray
                0xa0001790                gDiskData
                0xa00017b8                gFileTemp
                0xa00017f4                defaultArray
 *fill*         0xa00017fe        0x2 
 COMMON         0xa0001800      0x130 ps2keyboard.X.a(ps2keyboard.o)
                0xa0001800                scancodebuf
                0xa0001810                keycodebuf
                0xa0001830                ps2keystatus
                0xa0001930                . = ALIGN ((. != 0x0)?0x4:0x1)
                0xa0001930                . = ALIGN (0x4)
                0xa0001930                _end = .
                0xa0001930                _bss_end = .
                0x00010000                _bmxdudba_address = 0x10000
                0x00010000                _bmxdupba_address = 0x10000

/DISCARD/
 *(.pdr)
 *(.rel.dyn)
 *(.note.GNU-stack)
 *(.note.GNU-stack)
 *(.gnu_debuglink)
 *(.gnu.lto_*)
 *(.discard)

.gptab.sdata
 *(.gptab.data)
 *(.gptab.sdata)

.gptab.sbss
 *(.gptab.bss)
 *(.gptab.sbss)

.mdebug.abi32   0xa0001930        0x0
 *(.mdebug.abi32)
 .mdebug.abi32  0xa0001930        0x0 build/default/production/debug.o
 .mdebug.abi32  0xa0001930        0x0 build/default/production/document.o
 .mdebug.abi32  0xa0001930        0x0 build/default/production/editor.o
 .mdebug.abi32  0xa0001930        0x0 build/default/production/fontx2.o
 .mdebug.abi32  0xa0001930        0x0 build/default/production/library.o
 .mdebug.abi32  0xa0001930        0x0 build/default/production/linker.o
 .mdebug.abi32  0xa0001930        0x0 build/default/production/music.o
 .mdebug.abi32  0xa0001930        0x0 build/default/production/run.o
 .mdebug.abi32  0xa0001930        0x0 build/default/production/statement.o
 .mdebug.abi32  0xa0001930        0x0 build/default/production/string.o
 .mdebug.abi32  0xa0001930        0x0 build/default/production/value.o
 .mdebug.abi32  0xa0001930        0x0 build/default/production/compiler.o
 .mdebug.abi32  0xa0001930        0x0 build/default/production/error.o
 .mdebug.abi32  0xa0001930        0x0 build/default/production/exception.o
 .mdebug.abi32  0xa0001930        0x0 build/default/production/file.o
 .mdebug.abi32  0xa0001930        0x0 build/default/production/float.o
 .mdebug.abi32  0xa0001930        0x0 build/default/production/function.o
 .mdebug.abi32  0xa0001930        0x0 build/default/production/globalvars.o
 .mdebug.abi32  0xa0001930        0x0 build/default/production/keyinput.o
 .mdebug.abi32  0xa0001930        0x0 build/default/production/memory.o
 .mdebug.abi32  0xa0001930        0x0 build/default/production/operator.o
 .mdebug.abi32  0xa0001930        0x0 build/default/production/main.o
 .mdebug.abi32  0xa0001930        0x0 lib_videoout_machikania.X.a(videoout.o)
 .mdebug.abi32  0xa0001930        0x0 lib_videoout_machikania.X.a(textvideolib.o)
 .mdebug.abi32  0xa0001930        0x0 lib_videoout_machikania.X.a(graphvideolib.o)
 .mdebug.abi32  0xa0001930        0x0 libsdfsio.a(FSIO.o)
 .mdebug.abi32  0xa0001930        0x0 libsdfsio.a(SD-SPI.o)
 .mdebug.abi32  0xa0001930        0x0 ps2keyboard.X.a(ps2keyboard.o)
 .mdebug.abi32  0xa0001930        0x0 /opt/microchip/xc32/v1.32/bin/bin/../../lib/gcc/pic32mx/4.5.2/../../../../pic32mx/lib/libmchp_peripheral_32MX270F256B.a(soft_reset_lib.o)
 .mdebug.abi32  0xa0001930        0x0 /opt/microchip/xc32/v1.32/bin/bin/../../lib/gcc/pic32mx/4.5.2/../../../../pic32mx/lib/libmchp_peripheral_32MX270F256B.a(osc_config_lib.o)
 .mdebug.abi32  0xa0001930        0x0 /opt/microchip/xc32/v1.32/bin/bin/../../lib/gcc/pic32mx/4.5.2/../../../../pic32mx/lib/libmchp_peripheral_32MX270F256B.a(int_disable_interrupts_lib.o)
 .mdebug.abi32  0xa0001930        0x0 /opt/microchip/xc32/v1.32/bin/bin/../../lib/gcc/pic32mx/4.5.2/../../../../pic32mx/lib/libmchp_peripheral_32MX270F256B.a(int_restore_interrupts_lib.o)
 .mdebug.abi32  0xa0001930        0x0 /opt/microchip/xc32/v1.32/bin/bin/../../lib/gcc/pic32mx/4.5.2/../../../../pic32mx/lib/libmchp_peripheral_32MX270F256B.a(int_enable_mv_int_lib.o)
 .mdebug.abi32  0xa0001930        0x0 /opt/microchip/xc32/v1.32/bin/bin/../../lib/gcc/pic32mx/4.5.2/../../../../pic32mx/lib/libmchp_peripheral_32MX270F256B.a(spi_getc_spi2_lib_legacy.o)
 .mdebug.abi32  0xa0001930        0x0 /opt/microchip/xc32/v1.32/bin/bin/../../lib/gcc/pic32mx/4.5.2/../../../../pic32mx/lib/libmchp_peripheral_32MX270F256B.a(spi_open_spi2_lib_legacy.o)
 .mdebug.abi32  0xa0001930        0x0 /opt/microchip/xc32/v1.32/bin/bin/../../lib/gcc/pic32mx/4.5.2/../../../../pic32mx/lib/libmchp_peripheral_32MX270F256B.a(spi_brg_tbl_lib_legacy.o)
 .mdebug.abi32  0xa0001930        0x0 /opt/microchip/xc32/v1.32/bin/bin/../../lib/gcc/pic32mx/4.5.2/../../../../pic32mx/lib/libmchp_peripheral_32MX270F256B.a(nvm_write_word_lib.o)
 .mdebug.abi32  0xa0001930        0x0 /opt/microchip/xc32/v1.32/bin/bin/../../lib/gcc/pic32mx/4.5.2/../../../../pic32mx/lib/libmchp_peripheral_32MX270F256B.a(int_enable_interrupts_lib.o)
 .mdebug.abi32  0xa0001930        0x0 /opt/microchip/xc32/v1.32/bin/bin/../../lib/gcc/pic32mx/4.5.2/../../../../pic32mx/lib/libmchp_peripheral_32MX270F256B.a(nvm_operation_lib.o)
 .mdebug.abi32  0xa0001930        0x0 /opt/microchip/xc32/v1.32/bin/bin/../../lib/gcc/pic32mx/4.5.2/../../../../pic32mx/lib/libpic32.a(default-bootstrap-exception-handler.o)
 .mdebug.abi32  0xa0001930        0x0 /opt/microchip/xc32/v1.32/bin/bin/../../lib/gcc/pic32mx/4.5.2/../../../../pic32mx/lib/libpic32.a(default-on-reset.o)
 .mdebug.abi32  0xa0001930        0x0 /opt/microchip/xc32/v1.32/bin/bin/../../lib/gcc/pic32mx/4.5.2/../../../../pic32mx/lib/libpic32.a(default-on-bootstrap.o)
 .mdebug.abi32  0xa0001930        0x0 /opt/microchip/xc32/v1.32/bin/bin/../../lib/gcc/pic32mx/4.5.2/../../../../pic32mx/lib/libpic32.a(defaultinterrupt.o)
 .mdebug.abi32  0xa0001930        0x0 /opt/microchip/xc32/v1.32/bin/bin/../../lib/gcc/pic32mx/4.5.2/../../../../pic32mx/lib/libm.a(w_acosf.o)
 .mdebug.abi32  0xa0001930        0x0 /opt/microchip/xc32/v1.32/bin/bin/../../lib/gcc/pic32mx/4.5.2/../../../../pic32mx/lib/libm.a(w_asinf.o)
 .mdebug.abi32  0xa0001930        0x0 /opt/microchip/xc32/v1.32/bin/bin/../../lib/gcc/pic32mx/4.5.2/../../../../pic32mx/lib/libm.a(w_atan2f.o)
 .mdebug.abi32  0xa0001930        0x0 /opt/microchip/xc32/v1.32/bin/bin/../../lib/gcc/pic32mx/4.5.2/../../../../pic32mx/lib/libm.a(w_coshf.o)
 .mdebug.abi32  0xa0001930        0x0 /opt/microchip/xc32/v1.32/bin/bin/../../lib/gcc/pic32mx/4.5.2/../../../../pic32mx/lib/libm.a(w_expf.o)
 .mdebug.abi32  0xa0001930        0x0 /opt/microchip/xc32/v1.32/bin/bin/../../lib/gcc/pic32mx/4.5.2/../../../../pic32mx/lib/libm.a(w_log10f.o)
 .mdebug.abi32  0xa0001930        0x0 /opt/microchip/xc32/v1.32/bin/bin/../../lib/gcc/pic32mx/4.5.2/../../../../pic32mx/lib/libm.a(w_logf.o)
 .mdebug.abi32  0xa0001930        0x0 /opt/microchip/xc32/v1.32/bin/bin/../../lib/gcc/pic32mx/4.5.2/../../../../pic32mx/lib/libm.a(w_powf.o)
 .mdebug.abi32  0xa0001930        0x0 /opt/microchip/xc32/v1.32/bin/bin/../../lib/gcc/pic32mx/4.5.2/../../../../pic32mx/lib/libm.a(w_sinhf.o)
 .mdebug.abi32  0xa0001930        0x0 /opt/microchip/xc32/v1.32/bin/bin/../../lib/gcc/pic32mx/4.5.2/../../../../pic32mx/lib/libm.a(w_sqrtf.o)
 .mdebug.abi32  0xa0001930        0x0 /opt/microchip/xc32/v1.32/bin/bin/../../lib/gcc/pic32mx/4.5.2/../../../../pic32mx/lib/libm.a(support.o)
 .mdebug.abi32  0xa0001930        0x0 /opt/microchip/xc32/v1.32/bin/bin/../../lib/gcc/pic32mx/4.5.2/../../../../pic32mx/lib/libm.a(s_lib_ver.o)
 .mdebug.abi32  0xa0001930        0x0 /opt/microchip/xc32/v1.32/bin/bin/../../lib/gcc/pic32mx/4.5.2/../../../../pic32mx/lib/libc.a(ctype.o)
 .mdebug.abi32  0xa0001930        0x0 /opt/microchip/xc32/v1.32/bin/bin/../../lib/gcc/pic32mx/4.5.2/../../../../pic32mx/lib/libc.a(ctypef.o)
 .mdebug.abi32  0xa0001930        0x0 /opt/microchip/xc32/v1.32/bin/bin/../../lib/gcc/pic32mx/4.5.2/../../../../pic32mx/lib/libc.a(errno.o)
 .mdebug.abi32  0xa0001930        0x0 /opt/microchip/xc32/v1.32/bin/bin/../../lib/gcc/pic32mx/4.5.2/../../../../pic32mx/lib/libc.a(strncpy.o)
 .mdebug.abi32  0xa0001930        0x0 /opt/microchip/xc32/v1.32/bin/bin/../../lib/gcc/pic32mx/4.5.2/../../../../pic32mx/lib/libc.a(strtof.o)
 .mdebug.abi32  0xa0001930        0x0 /opt/microchip/xc32/v1.32/bin/bin/../../lib/gcc/pic32mx/4.5.2/../../../../pic32mx/lib/libc.a(snprintf.o)
 .mdebug.abi32  0xa0001930        0x0 /opt/microchip/xc32/v1.32/bin/bin/../../lib/gcc/pic32mx/4.5.2/../../../../pic32mx/lib/libc.a(vsnprintf.o)
 .mdebug.abi32  0xa0001930        0x0 /opt/microchip/xc32/v1.32/bin/bin/../../lib/gcc/pic32mx/4.5.2/../../../../pic32mx/lib/libc.a(doprnt.o)
 .mdebug.abi32  0xa0001930        0x0 /opt/microchip/xc32/v1.32/bin/bin/../../lib/gcc/pic32mx/4.5.2/../../../../pic32mx/lib/libc.a(_fputc_simple.o)
 .mdebug.abi32  0xa0001930        0x0 /opt/microchip/xc32/v1.32/bin/bin/../../lib/gcc/pic32mx/4.5.2/../../../../pic32mx/lib/libc.a(powersf.o)
 .mdebug.abi32  0xa0001930        0x0 /opt/microchip/xc32/v1.32/bin/bin/../../lib/gcc/pic32mx/4.5.2/../../../../pic32mx/lib/libc.a(_iob.o)
 .mdebug.abi32  0xa0001930        0x0 /opt/microchip/xc32/v1.32/bin/bin/../../lib/gcc/pic32mx/4.5.2/../../../../pic32mx/lib/libc.a(_flsbuf_simple.o)
 .mdebug.abi32  0xa0001930        0x0 /opt/microchip/xc32/v1.32/bin/bin/../../lib/gcc/pic32mx/4.5.2/../../../../pic32mx/lib/libpic32.a(write.o)
 .mdebug.abi32  0xa0001930        0x0 /opt/microchip/xc32/v1.32/bin/bin/../../lib/gcc/pic32mx/4.5.2/../../../../pic32mx/lib/libpic32.a(isinf.o)
 .mdebug.abi32  0xa0001930        0x0 /opt/microchip/xc32/v1.32/bin/bin/../../lib/gcc/pic32mx/4.5.2/../../../../pic32mx/lib/libpic32.a(_mon_putc.o)
 .mdebug.abi32  0xa0001930        0x0 /opt/microchip/xc32/v1.32/bin/bin/../../lib/gcc/pic32mx/4.5.2/../../../../pic32mx/lib/libpic32.a(xc32_uart.o)
 .mdebug.abi32  0xa0001930        0x0 /opt/microchip/xc32/v1.32/bin/bin/../../lib/gcc/pic32mx/4.5.2/../../../../pic32mx/lib/libm.a(__strtof.o)
 .mdebug.abi32  0xa0001930        0x0 /opt/microchip/xc32/v1.32/bin/bin/../../lib/gcc/pic32mx/4.5.2/../../../../pic32mx/lib/libe.a(_floatdisf.o)
 .mdebug.abi32  0xa0001930        0x0 /opt/microchip/xc32/v1.32/bin/bin/../../lib/gcc/pic32mx/4.5.2/../../../../pic32mx/lib/libe.a(_unorddf2.o)
 .mdebug.abi32  0xa0001930        0x0 /opt/microchip/xc32/v1.32/bin/bin/../../lib/gcc/pic32mx/4.5.2/../../../../pic32mx/lib/libe.a(_ldexpf.o)
 .mdebug.abi32  0xa0001930        0x0 /opt/microchip/xc32/v1.32/bin/bin/../../lib/gcc/pic32mx/4.5.2/libgcc.a(_floatundisf.o)
 .mdebug.abi32  0xa0001930        0x0 /opt/microchip/xc32/v1.32/bin/bin/../../lib/gcc/pic32mx/4.5.2/libgcc.a(_udivdi3.o)
 .mdebug.abi32  0xa0001930        0x0 /opt/microchip/xc32/v1.32/bin/bin/../../lib/gcc/pic32mx/4.5.2/libgcc.a(_umoddi3.o)
 .mdebug.abi32  0xa0001930        0x0 /opt/microchip/xc32/v1.32/bin/bin/../../lib/gcc/pic32mx/4.5.2/libgcc.a(floatunsisf.o)

.mdebug.abiN32
 *(.mdebug.abiN32)

.mdebug.abi64
 *(.mdebug.abi64)

.mdebug.abiO64
 *(.mdebug.abiO64)

.mdebug.eabi32
 *(.mdebug.eabi32)

.mdebug.eabi64
 *(.mdebug.eabi64)

.gcc_compiled_long32
 *(.gcc_compiled_long32)

.gcc_compiled_long64
 *(.gcc_compiled_long64)

.stab
 *(.stab)

.stabstr
 *(.stabstr)

.stab.excl
 *(.stab.excl)

.stab.exclstr
 *(.stab.exclstr)

.stab.index
 *(.stab.index)

.stab.indexstr
 *(.stab.indexstr)

.comment        0x00000000      0x29c
 *(.comment)
 .comment       0x00000000       0x3c build/default/production/debug.o
                                 0x3d (size before relaxing)
 .comment       0x00000000       0x3d build/default/production/document.o
 .comment       0x00000000       0x3d build/default/production/editor.o
 .comment       0x00000000       0x3d build/default/production/fontx2.o
 .comment       0x00000000       0x3d build/default/production/library.o
 .comment       0x00000000       0x3d build/default/production/linker.o
 .comment       0x00000000       0x3d build/default/production/music.o
 .comment       0x00000000       0x3d build/default/production/run.o
 .comment       0x00000000       0x3d build/default/production/statement.o
 .comment       0x00000000       0x3d build/default/production/string.o
 .comment       0x00000000       0x3d build/default/production/value.o
 .comment       0x00000000       0x3d build/default/production/compiler.o
 .comment       0x00000000       0x3d build/default/production/error.o
 .comment       0x00000000       0x3d build/default/production/exception.o
 .comment       0x00000000       0x3d build/default/production/file.o
 .comment       0x00000000       0x3d build/default/production/float.o
 .comment       0x00000000       0x3d build/default/production/function.o
 .comment       0x00000000       0x3d build/default/production/globalvars.o
 .comment       0x00000000       0x3d build/default/production/keyinput.o
 .comment       0x00000000       0x3d build/default/production/memory.o
 .comment       0x00000000       0x3d build/default/production/operator.o
 .comment       0x00000000       0x3d build/default/production/main.o
 .comment       0x0000003c       0x3c lib_videoout_machikania.X.a(videoout.o)
                                 0x3d (size before relaxing)
 .comment       0x00000000       0x3d lib_videoout_machikania.X.a(textvideolib.o)
 .comment       0x00000000       0x3d lib_videoout_machikania.X.a(graphvideolib.o)
 .comment       0x00000000       0x3d libsdfsio.a(FSIO.o)
 .comment       0x00000000       0x3d libsdfsio.a(SD-SPI.o)
 .comment       0x00000000       0x3d ps2keyboard.X.a(ps2keyboard.o)
 .comment       0x00000000       0x3d /opt/microchip/xc32/v1.32/bin/bin/../../lib/gcc/pic32mx/4.5.2/../../../../pic32mx/lib/libmchp_peripheral_32MX270F256B.a(soft_reset_lib.o)
 .comment       0x00000000       0x3d /opt/microchip/xc32/v1.32/bin/bin/../../lib/gcc/pic32mx/4.5.2/../../../../pic32mx/lib/libmchp_peripheral_32MX270F256B.a(osc_config_lib.o)
 .comment       0x00000000       0x3d /opt/microchip/xc32/v1.32/bin/bin/../../lib/gcc/pic32mx/4.5.2/../../../../pic32mx/lib/libmchp_peripheral_32MX270F256B.a(int_disable_interrupts_lib.o)
 .comment       0x00000000       0x3d /opt/microchip/xc32/v1.32/bin/bin/../../lib/gcc/pic32mx/4.5.2/../../../../pic32mx/lib/libmchp_peripheral_32MX270F256B.a(int_restore_interrupts_lib.o)
 .comment       0x00000000       0x3d /opt/microchip/xc32/v1.32/bin/bin/../../lib/gcc/pic32mx/4.5.2/../../../../pic32mx/lib/libmchp_peripheral_32MX270F256B.a(int_enable_mv_int_lib.o)
 .comment       0x00000000       0x3d /opt/microchip/xc32/v1.32/bin/bin/../../lib/gcc/pic32mx/4.5.2/../../../../pic32mx/lib/libmchp_peripheral_32MX270F256B.a(spi_getc_spi2_lib_legacy.o)
 .comment       0x00000000       0x3d /opt/microchip/xc32/v1.32/bin/bin/../../lib/gcc/pic32mx/4.5.2/../../../../pic32mx/lib/libmchp_peripheral_32MX270F256B.a(spi_open_spi2_lib_legacy.o)
 .comment       0x00000000       0x3d /opt/microchip/xc32/v1.32/bin/bin/../../lib/gcc/pic32mx/4.5.2/../../../../pic32mx/lib/libmchp_peripheral_32MX270F256B.a(spi_brg_tbl_lib_legacy.o)
 .comment       0x00000000       0x3d /opt/microchip/xc32/v1.32/bin/bin/../../lib/gcc/pic32mx/4.5.2/../../../../pic32mx/lib/libmchp_peripheral_32MX270F256B.a(nvm_write_word_lib.o)
 .comment       0x00000000       0x3d /opt/microchip/xc32/v1.32/bin/bin/../../lib/gcc/pic32mx/4.5.2/../../../../pic32mx/lib/libmchp_peripheral_32MX270F256B.a(int_enable_interrupts_lib.o)
 .comment       0x00000000       0x3d /opt/microchip/xc32/v1.32/bin/bin/../../lib/gcc/pic32mx/4.5.2/../../../../pic32mx/lib/libmchp_peripheral_32MX270F256B.a(nvm_operation_lib.o)
 .comment       0x00000078       0x18 /opt/microchip/xc32/v1.32/bin/bin/../../lib/gcc/pic32mx/4.5.2/../../../../pic32mx/lib/libpic32.a(memset.o)
                                 0x19 (size before relaxing)
 .comment       0x00000090       0x19 /opt/microchip/xc32/v1.32/bin/bin/../../lib/gcc/pic32mx/4.5.2/../../../../pic32mx/lib/libpic32.a(strcpy.o)
                                 0x1a (size before relaxing)
 .comment       0x000000a9       0x19 /opt/microchip/xc32/v1.32/bin/bin/../../lib/gcc/pic32mx/4.5.2/../../../../pic32mx/lib/libpic32.a(strlen.o)
                                 0x1a (size before relaxing)
 .comment       0x00000000       0x3d /opt/microchip/xc32/v1.32/bin/bin/../../lib/gcc/pic32mx/4.5.2/../../../../pic32mx/lib/libpic32.a(default-bootstrap-exception-handler.o)
 .comment       0x00000000       0x3d /opt/microchip/xc32/v1.32/bin/bin/../../lib/gcc/pic32mx/4.5.2/../../../../pic32mx/lib/libpic32.a(default-on-reset.o)
 .comment       0x00000000       0x3d /opt/microchip/xc32/v1.32/bin/bin/../../lib/gcc/pic32mx/4.5.2/../../../../pic32mx/lib/libpic32.a(default-on-bootstrap.o)
 .comment       0x00000000       0x3d /opt/microchip/xc32/v1.32/bin/bin/../../lib/gcc/pic32mx/4.5.2/../../../../pic32mx/lib/libpic32.a(defaultinterrupt.o)
 .comment       0x00000000       0x3d /opt/microchip/xc32/v1.32/bin/bin/../../lib/gcc/pic32mx/4.5.2/../../../../pic32mx/lib/libm.a(w_acosf.o)
 .comment       0x00000000       0x3d /opt/microchip/xc32/v1.32/bin/bin/../../lib/gcc/pic32mx/4.5.2/../../../../pic32mx/lib/libm.a(w_asinf.o)
 .comment       0x00000000       0x3d /opt/microchip/xc32/v1.32/bin/bin/../../lib/gcc/pic32mx/4.5.2/../../../../pic32mx/lib/libm.a(w_atan2f.o)
 .comment       0x00000000       0x3d /opt/microchip/xc32/v1.32/bin/bin/../../lib/gcc/pic32mx/4.5.2/../../../../pic32mx/lib/libm.a(w_coshf.o)
 .comment       0x00000000       0x3d /opt/microchip/xc32/v1.32/bin/bin/../../lib/gcc/pic32mx/4.5.2/../../../../pic32mx/lib/libm.a(w_expf.o)
 .comment       0x00000000       0x3d /opt/microchip/xc32/v1.32/bin/bin/../../lib/gcc/pic32mx/4.5.2/../../../../pic32mx/lib/libm.a(w_log10f.o)
 .comment       0x00000000       0x3d /opt/microchip/xc32/v1.32/bin/bin/../../lib/gcc/pic32mx/4.5.2/../../../../pic32mx/lib/libm.a(w_logf.o)
 .comment       0x00000000       0x3d /opt/microchip/xc32/v1.32/bin/bin/../../lib/gcc/pic32mx/4.5.2/../../../../pic32mx/lib/libm.a(w_powf.o)
 .comment       0x00000000       0x3d /opt/microchip/xc32/v1.32/bin/bin/../../lib/gcc/pic32mx/4.5.2/../../../../pic32mx/lib/libm.a(w_sinhf.o)
 .comment       0x00000000       0x3d /opt/microchip/xc32/v1.32/bin/bin/../../lib/gcc/pic32mx/4.5.2/../../../../pic32mx/lib/libm.a(w_sqrtf.o)
 .comment       0x00000000       0x3d /opt/microchip/xc32/v1.32/bin/bin/../../lib/gcc/pic32mx/4.5.2/../../../../pic32mx/lib/libm.a(support.o)
 .comment       0x00000000       0x3d /opt/microchip/xc32/v1.32/bin/bin/../../lib/gcc/pic32mx/4.5.2/../../../../pic32mx/lib/libm.a(s_lib_ver.o)
 .comment       0x000000c2       0x4e /opt/microchip/xc32/v1.32/bin/bin/../../lib/gcc/pic32mx/4.5.2/../../../../pic32mx/lib/libc.a(ctype.o)
                                 0x8b (size before relaxing)
 .comment       0x00000110       0x4f /opt/microchip/xc32/v1.32/bin/bin/../../lib/gcc/pic32mx/4.5.2/../../../../pic32mx/lib/libc.a(ctypef.o)
                                 0x8c (size before relaxing)
 .comment       0x00000000       0x3d /opt/microchip/xc32/v1.32/bin/bin/../../lib/gcc/pic32mx/4.5.2/../../../../pic32mx/lib/libc.a(errno.o)
 .comment       0x00000000       0x3d /opt/microchip/xc32/v1.32/bin/bin/../../lib/gcc/pic32mx/4.5.2/../../../../pic32mx/lib/libc.a(strncpy.o)
 .comment       0x00000000       0x3d /opt/microchip/xc32/v1.32/bin/bin/../../lib/gcc/pic32mx/4.5.2/../../../../pic32mx/lib/libc.a(strtof.o)
 .comment       0x00000000       0x3d /opt/microchip/xc32/v1.32/bin/bin/../../lib/gcc/pic32mx/4.5.2/../../../../pic32mx/lib/libc.a(snprintf.o)
 .comment       0x00000000       0x3d /opt/microchip/xc32/v1.32/bin/bin/../../lib/gcc/pic32mx/4.5.2/../../../../pic32mx/lib/libc.a(vsnprintf.o)
 .comment       0x00000000       0x3d /opt/microchip/xc32/v1.32/bin/bin/../../lib/gcc/pic32mx/4.5.2/../../../../pic32mx/lib/libc.a(doprnt.o)
 .comment       0x00000000       0x3d /opt/microchip/xc32/v1.32/bin/bin/../../lib/gcc/pic32mx/4.5.2/../../../../pic32mx/lib/libc.a(_fputc_simple.o)
 .comment       0x00000000       0x3d /opt/microchip/xc32/v1.32/bin/bin/../../lib/gcc/pic32mx/4.5.2/../../../../pic32mx/lib/libc.a(powersf.o)
 .comment       0x00000000       0x3d /opt/microchip/xc32/v1.32/bin/bin/../../lib/gcc/pic32mx/4.5.2/../../../../pic32mx/lib/libc.a(_iob.o)
 .comment       0x00000000       0x3d /opt/microchip/xc32/v1.32/bin/bin/../../lib/gcc/pic32mx/4.5.2/../../../../pic32mx/lib/libc.a(_flsbuf_simple.o)
 .comment       0x00000000       0x3d /opt/microchip/xc32/v1.32/bin/bin/../../lib/gcc/pic32mx/4.5.2/../../../../pic32mx/lib/libpic32.a(write.o)
 .comment       0x00000000       0x3d /opt/microchip/xc32/v1.32/bin/bin/../../lib/gcc/pic32mx/4.5.2/../../../../pic32mx/lib/libpic32.a(isinf.o)
 .comment       0x00000000       0x3d /opt/microchip/xc32/v1.32/bin/bin/../../lib/gcc/pic32mx/4.5.2/../../../../pic32mx/lib/libpic32.a(_mon_putc.o)
 .comment       0x00000000       0x3d /opt/microchip/xc32/v1.32/bin/bin/../../lib/gcc/pic32mx/4.5.2/../../../../pic32mx/lib/libpic32.a(xc32_uart.o)
 .comment       0x0000015f       0x9d /opt/microchip/xc32/v1.32/bin/bin/../../lib/gcc/pic32mx/4.5.2/../../../../pic32mx/lib/libm.a(__strtof.o)
                                 0xda (size before relaxing)
 .comment       0x000001fc       0x50 /opt/microchip/xc32/v1.32/bin/bin/../../lib/gcc/pic32mx/4.5.2/../../../../pic32mx/lib/libe.a(_floatdisf.o)
                                 0xdb (size before relaxing)
 .comment       0x00000000       0x8b /opt/microchip/xc32/v1.32/bin/bin/../../lib/gcc/pic32mx/4.5.2/../../../../pic32mx/lib/libe.a(_unorddf2.o)
 .comment       0x0000024c       0x50 /opt/microchip/xc32/v1.32/bin/bin/../../lib/gcc/pic32mx/4.5.2/../../../../pic32mx/lib/libe.a(_ldexpf.o)
                                 0xdb (size before relaxing)
 .comment       0x00000000       0x3d /opt/microchip/xc32/v1.32/bin/bin/../../lib/gcc/pic32mx/4.5.2/libgcc.a(_floatundisf.o)
 .comment       0x00000000       0x3d /opt/microchip/xc32/v1.32/bin/bin/../../lib/gcc/pic32mx/4.5.2/libgcc.a(_udivdi3.o)
 .comment       0x00000000       0x3d /opt/microchip/xc32/v1.32/bin/bin/../../lib/gcc/pic32mx/4.5.2/libgcc.a(_umoddi3.o)
 .comment       0x00000000       0x3d /opt/microchip/xc32/v1.32/bin/bin/../../lib/gcc/pic32mx/4.5.2/libgcc.a(floatunsisf.o)

.debug
 *(.debug)

.line
 *(.line)

.debug_srcinfo
 *(.debug_srcinfo)

.debug_sfnames
 *(.debug_sfnames)

.debug_aranges  0x00000000      0x9d8
 *(.debug_aranges)
 .debug_aranges
                0x00000000       0x20 build/default/production/document.o
 .debug_aranges
                0x00000020       0x20 build/default/production/editor.o
 .debug_aranges
                0x00000040       0x20 build/default/production/fontx2.o
 .debug_aranges
                0x00000060       0x20 build/default/production/library.o
 .debug_aranges
                0x00000080       0x20 build/default/production/linker.o
 .debug_aranges
                0x000000a0       0x20 build/default/production/music.o
 .debug_aranges
                0x000000c0       0x20 build/default/production/run.o
 .debug_aranges
                0x000000e0       0x20 build/default/production/statement.o
 .debug_aranges
                0x00000100       0x20 build/default/production/string.o
 .debug_aranges
                0x00000120       0x20 build/default/production/value.o
 .debug_aranges
                0x00000140       0x20 build/default/production/compiler.o
 .debug_aranges
                0x00000160       0x20 build/default/production/error.o
 .debug_aranges
                0x00000180       0x20 build/default/production/exception.o
 .debug_aranges
                0x000001a0       0x20 build/default/production/file.o
 .debug_aranges
                0x000001c0       0x20 build/default/production/float.o
 .debug_aranges
                0x000001e0       0x20 build/default/production/function.o
 .debug_aranges
                0x00000200       0x20 build/default/production/keyinput.o
 .debug_aranges
                0x00000220       0x20 build/default/production/memory.o
 .debug_aranges
                0x00000240       0x20 build/default/production/operator.o
 .debug_aranges
                0x00000260       0x20 build/default/production/main.o
 .debug_aranges
                0x00000280       0x20 lib_videoout_machikania.X.a(videoout.o)
 .debug_aranges
                0x000002a0       0x20 lib_videoout_machikania.X.a(textvideolib.o)
 .debug_aranges
                0x000002c0       0x20 lib_videoout_machikania.X.a(graphvideolib.o)
 .debug_aranges
                0x000002e0       0x20 libsdfsio.a(FSIO.o)
 .debug_aranges
                0x00000300       0x20 libsdfsio.a(SD-SPI.o)
 .debug_aranges
                0x00000320       0x20 ps2keyboard.X.a(ps2keyboard.o)
 .debug_aranges
                0x00000340       0x20 /opt/microchip/xc32/v1.32/bin/bin/../../lib/gcc/pic32mx/4.5.2/../../../../pic32mx/lib/libmchp_peripheral_32MX270F256B.a(soft_reset_lib.o)
 .debug_aranges
                0x00000360       0x20 /opt/microchip/xc32/v1.32/bin/bin/../../lib/gcc/pic32mx/4.5.2/../../../../pic32mx/lib/libmchp_peripheral_32MX270F256B.a(osc_config_lib.o)
 .debug_aranges
                0x00000380       0x20 /opt/microchip/xc32/v1.32/bin/bin/../../lib/gcc/pic32mx/4.5.2/../../../../pic32mx/lib/libmchp_peripheral_32MX270F256B.a(int_disable_interrupts_lib.o)
 .debug_aranges
                0x000003a0       0x20 /opt/microchip/xc32/v1.32/bin/bin/../../lib/gcc/pic32mx/4.5.2/../../../../pic32mx/lib/libmchp_peripheral_32MX270F256B.a(int_restore_interrupts_lib.o)
 .debug_aranges
                0x000003c0       0x20 /opt/microchip/xc32/v1.32/bin/bin/../../lib/gcc/pic32mx/4.5.2/../../../../pic32mx/lib/libmchp_peripheral_32MX270F256B.a(int_enable_mv_int_lib.o)
 .debug_aranges
                0x000003e0       0x20 /opt/microchip/xc32/v1.32/bin/bin/../../lib/gcc/pic32mx/4.5.2/../../../../pic32mx/lib/libmchp_peripheral_32MX270F256B.a(spi_getc_spi2_lib_legacy.o)
 .debug_aranges
                0x00000400       0x20 /opt/microchip/xc32/v1.32/bin/bin/../../lib/gcc/pic32mx/4.5.2/../../../../pic32mx/lib/libmchp_peripheral_32MX270F256B.a(spi_open_spi2_lib_legacy.o)
 .debug_aranges
                0x00000420       0x20 /opt/microchip/xc32/v1.32/bin/bin/../../lib/gcc/pic32mx/4.5.2/../../../../pic32mx/lib/libmchp_peripheral_32MX270F256B.a(nvm_write_word_lib.o)
 .debug_aranges
                0x00000440       0x20 /opt/microchip/xc32/v1.32/bin/bin/../../lib/gcc/pic32mx/4.5.2/../../../../pic32mx/lib/libmchp_peripheral_32MX270F256B.a(int_enable_interrupts_lib.o)
 .debug_aranges
                0x00000460       0x20 /opt/microchip/xc32/v1.32/bin/bin/../../lib/gcc/pic32mx/4.5.2/../../../../pic32mx/lib/libmchp_peripheral_32MX270F256B.a(nvm_operation_lib.o)
 .debug_aranges
                0x00000480       0x20 /opt/microchip/xc32/v1.32/bin/bin/../../lib/gcc/pic32mx/4.5.2/../../../../pic32mx/lib/libpic32.a(default-bootstrap-exception-handler.o)
 .debug_aranges
                0x000004a0       0x20 /opt/microchip/xc32/v1.32/bin/bin/../../lib/gcc/pic32mx/4.5.2/../../../../pic32mx/lib/libpic32.a(default-on-reset.o)
 .debug_aranges
                0x000004c0       0x20 /opt/microchip/xc32/v1.32/bin/bin/../../lib/gcc/pic32mx/4.5.2/../../../../pic32mx/lib/libpic32.a(default-on-bootstrap.o)
 .debug_aranges
                0x000004e0       0x20 /opt/microchip/xc32/v1.32/bin/bin/../../lib/gcc/pic32mx/4.5.2/../../../../pic32mx/lib/libpic32.a(defaultinterrupt.o)
 .debug_aranges
                0x00000500       0x20 /opt/microchip/xc32/v1.32/bin/bin/../../lib/gcc/pic32mx/4.5.2/../../../../pic32mx/lib/libm.a(w_acosf.o)
 .debug_aranges
                0x00000520       0x20 /opt/microchip/xc32/v1.32/bin/bin/../../lib/gcc/pic32mx/4.5.2/../../../../pic32mx/lib/libm.a(w_asinf.o)
 .debug_aranges
                0x00000540       0x20 /opt/microchip/xc32/v1.32/bin/bin/../../lib/gcc/pic32mx/4.5.2/../../../../pic32mx/lib/libm.a(w_atan2f.o)
 .debug_aranges
                0x00000560       0x20 /opt/microchip/xc32/v1.32/bin/bin/../../lib/gcc/pic32mx/4.5.2/../../../../pic32mx/lib/libm.a(w_coshf.o)
 .debug_aranges
                0x00000580       0x20 /opt/microchip/xc32/v1.32/bin/bin/../../lib/gcc/pic32mx/4.5.2/../../../../pic32mx/lib/libm.a(w_expf.o)
 .debug_aranges
                0x000005a0       0x20 /opt/microchip/xc32/v1.32/bin/bin/../../lib/gcc/pic32mx/4.5.2/../../../../pic32mx/lib/libm.a(w_log10f.o)
 .debug_aranges
                0x000005c0       0x20 /opt/microchip/xc32/v1.32/bin/bin/../../lib/gcc/pic32mx/4.5.2/../../../../pic32mx/lib/libm.a(w_logf.o)
 .debug_aranges
                0x000005e0       0x20 /opt/microchip/xc32/v1.32/bin/bin/../../lib/gcc/pic32mx/4.5.2/../../../../pic32mx/lib/libm.a(w_powf.o)
 .debug_aranges
                0x00000600       0x20 /opt/microchip/xc32/v1.32/bin/bin/../../lib/gcc/pic32mx/4.5.2/../../../../pic32mx/lib/libm.a(w_sinhf.o)
 .debug_aranges
                0x00000620       0x20 /opt/microchip/xc32/v1.32/bin/bin/../../lib/gcc/pic32mx/4.5.2/../../../../pic32mx/lib/libm.a(w_sqrtf.o)
 .debug_aranges
                0x00000640       0x78 /opt/microchip/xc32/v1.32/bin/bin/../../lib/gcc/pic32mx/4.5.2/../../../../pic32mx/lib/libm.a(support.o)
 .debug_aranges
                0x000006b8       0xa0 /opt/microchip/xc32/v1.32/bin/bin/../../lib/gcc/pic32mx/4.5.2/../../../../pic32mx/lib/libc.a(ctypef.o)
 .debug_aranges
                0x00000758       0x20 /opt/microchip/xc32/v1.32/bin/bin/../../lib/gcc/pic32mx/4.5.2/../../../../pic32mx/lib/libc.a(strncpy.o)
 .debug_aranges
                0x00000778       0x28 /opt/microchip/xc32/v1.32/bin/bin/../../lib/gcc/pic32mx/4.5.2/../../../../pic32mx/lib/libc.a(strtof.o)
 .debug_aranges
                0x000007a0       0x20 /opt/microchip/xc32/v1.32/bin/bin/../../lib/gcc/pic32mx/4.5.2/../../../../pic32mx/lib/libc.a(snprintf.o)
 .debug_aranges
                0x000007c0       0x20 /opt/microchip/xc32/v1.32/bin/bin/../../lib/gcc/pic32mx/4.5.2/../../../../pic32mx/lib/libc.a(vsnprintf.o)
 .debug_aranges
                0x000007e0       0x30 /opt/microchip/xc32/v1.32/bin/bin/../../lib/gcc/pic32mx/4.5.2/../../../../pic32mx/lib/libc.a(doprnt.o)
 .debug_aranges
                0x00000810       0x20 /opt/microchip/xc32/v1.32/bin/bin/../../lib/gcc/pic32mx/4.5.2/../../../../pic32mx/lib/libc.a(_fputc_simple.o)
 .debug_aranges
                0x00000830       0x20 /opt/microchip/xc32/v1.32/bin/bin/../../lib/gcc/pic32mx/4.5.2/../../../../pic32mx/lib/libc.a(_flsbuf_simple.o)
 .debug_aranges
                0x00000850       0x20 /opt/microchip/xc32/v1.32/bin/bin/../../lib/gcc/pic32mx/4.5.2/../../../../pic32mx/lib/libpic32.a(write.o)
 .debug_aranges
                0x00000870       0x48 /opt/microchip/xc32/v1.32/bin/bin/../../lib/gcc/pic32mx/4.5.2/../../../../pic32mx/lib/libpic32.a(isinf.o)
 .debug_aranges
                0x000008b8       0x20 /opt/microchip/xc32/v1.32/bin/bin/../../lib/gcc/pic32mx/4.5.2/../../../../pic32mx/lib/libpic32.a(_mon_putc.o)
 .debug_aranges
                0x000008d8       0x20 /opt/microchip/xc32/v1.32/bin/bin/../../lib/gcc/pic32mx/4.5.2/../../../../pic32mx/lib/libm.a(__strtof.o)
 .debug_aranges
                0x000008f8       0x20 /opt/microchip/xc32/v1.32/bin/bin/../../lib/gcc/pic32mx/4.5.2/../../../../pic32mx/lib/libe.a(_floatdisf.o)
 .debug_aranges
                0x00000918       0x20 /opt/microchip/xc32/v1.32/bin/bin/../../lib/gcc/pic32mx/4.5.2/../../../../pic32mx/lib/libe.a(_unorddf2.o)
 .debug_aranges
                0x00000938       0x20 /opt/microchip/xc32/v1.32/bin/bin/../../lib/gcc/pic32mx/4.5.2/../../../../pic32mx/lib/libe.a(_ldexpf.o)
 .debug_aranges
                0x00000958       0x20 /opt/microchip/xc32/v1.32/bin/bin/../../lib/gcc/pic32mx/4.5.2/libgcc.a(_floatundisf.o)
 .debug_aranges
                0x00000978       0x20 /opt/microchip/xc32/v1.32/bin/bin/../../lib/gcc/pic32mx/4.5.2/libgcc.a(_udivdi3.o)
 .debug_aranges
                0x00000998       0x20 /opt/microchip/xc32/v1.32/bin/bin/../../lib/gcc/pic32mx/4.5.2/libgcc.a(_umoddi3.o)
 .debug_aranges
                0x000009b8       0x20 /opt/microchip/xc32/v1.32/bin/bin/../../lib/gcc/pic32mx/4.5.2/libgcc.a(floatunsisf.o)

.debug_pubnames
                0x00000000     0x2e44
 *(.debug_pubnames)
 .debug_pubnames
                0x00000000       0x53 build/default/production/document.o
 .debug_pubnames
                0x00000053      0x5d3 build/default/production/editor.o
 .debug_pubnames
                0x00000626      0x111 build/default/production/fontx2.o
 .debug_pubnames
                0x00000737      0x20f build/default/production/library.o
 .debug_pubnames
                0x00000946       0x6b build/default/production/linker.o
 .debug_pubnames
                0x000009b1       0xa6 build/default/production/music.o
 .debug_pubnames
                0x00000a57       0x2c build/default/production/run.o
 .debug_pubnames
                0x00000a83      0x404 build/default/production/statement.o
 .debug_pubnames
                0x00000e87       0x46 build/default/production/string.o
 .debug_pubnames
                0x00000ecd       0x89 build/default/production/value.o
 .debug_pubnames
                0x00000f56       0x74 build/default/production/compiler.o
 .debug_pubnames
                0x00000fca       0xf6 build/default/production/error.o
 .debug_pubnames
                0x000010c0       0x50 build/default/production/exception.o
 .debug_pubnames
                0x00001110       0x4e build/default/production/file.o
 .debug_pubnames
                0x0000115e       0x47 build/default/production/float.o
 .debug_pubnames
                0x000011a5      0x298 build/default/production/function.o
 .debug_pubnames
                0x0000143d      0x1c4 build/default/production/globalvars.o
 .debug_pubnames
                0x00001601       0xdb build/default/production/keyinput.o
 .debug_pubnames
                0x000016dc       0xa0 build/default/production/memory.o
 .debug_pubnames
                0x0000177c       0x8a build/default/production/operator.o
 .debug_pubnames
                0x00001806       0x89 build/default/production/main.o
 .debug_pubnames
                0x0000188f      0x19a lib_videoout_machikania.X.a(videoout.o)
 .debug_pubnames
                0x00001a29       0xe2 lib_videoout_machikania.X.a(textvideolib.o)
 .debug_pubnames
                0x00001b0b       0xc7 lib_videoout_machikania.X.a(graphvideolib.o)
 .debug_pubnames
                0x00001bd2      0x5ea libsdfsio.a(FSIO.o)
 .debug_pubnames
                0x000021bc      0x1fc libsdfsio.a(SD-SPI.o)
 .debug_pubnames
                0x000023b8      0x36c ps2keyboard.X.a(ps2keyboard.o)
 .debug_pubnames
                0x00002724       0x20 /opt/microchip/xc32/v1.32/bin/bin/../../lib/gcc/pic32mx/4.5.2/../../../../pic32mx/lib/libmchp_peripheral_32MX270F256B.a(soft_reset_lib.o)
 .debug_pubnames
                0x00002744       0x20 /opt/microchip/xc32/v1.32/bin/bin/../../lib/gcc/pic32mx/4.5.2/../../../../pic32mx/lib/libmchp_peripheral_32MX270F256B.a(osc_config_lib.o)
 .debug_pubnames
                0x00002764       0x2b /opt/microchip/xc32/v1.32/bin/bin/../../lib/gcc/pic32mx/4.5.2/../../../../pic32mx/lib/libmchp_peripheral_32MX270F256B.a(int_disable_interrupts_lib.o)
 .debug_pubnames
                0x0000278f       0x2b /opt/microchip/xc32/v1.32/bin/bin/../../lib/gcc/pic32mx/4.5.2/../../../../pic32mx/lib/libmchp_peripheral_32MX270F256B.a(int_restore_interrupts_lib.o)
 .debug_pubnames
                0x000027ba       0x36 /opt/microchip/xc32/v1.32/bin/bin/../../lib/gcc/pic32mx/4.5.2/../../../../pic32mx/lib/libmchp_peripheral_32MX270F256B.a(int_enable_mv_int_lib.o)
 .debug_pubnames
                0x000027f0       0x1f /opt/microchip/xc32/v1.32/bin/bin/../../lib/gcc/pic32mx/4.5.2/../../../../pic32mx/lib/libmchp_peripheral_32MX270F256B.a(spi_getc_spi2_lib_legacy.o)
 .debug_pubnames
                0x0000280f       0x1f /opt/microchip/xc32/v1.32/bin/bin/../../lib/gcc/pic32mx/4.5.2/../../../../pic32mx/lib/libmchp_peripheral_32MX270F256B.a(spi_open_spi2_lib_legacy.o)
 .debug_pubnames
                0x0000282e       0x23 /opt/microchip/xc32/v1.32/bin/bin/../../lib/gcc/pic32mx/4.5.2/../../../../pic32mx/lib/libmchp_peripheral_32MX270F256B.a(nvm_write_word_lib.o)
 .debug_pubnames
                0x00002851       0x2a /opt/microchip/xc32/v1.32/bin/bin/../../lib/gcc/pic32mx/4.5.2/../../../../pic32mx/lib/libmchp_peripheral_32MX270F256B.a(int_enable_interrupts_lib.o)
 .debug_pubnames
                0x0000287b       0x24 /opt/microchip/xc32/v1.32/bin/bin/../../lib/gcc/pic32mx/4.5.2/../../../../pic32mx/lib/libmchp_peripheral_32MX270F256B.a(nvm_operation_lib.o)
 .debug_pubnames
                0x0000289f       0x33 /opt/microchip/xc32/v1.32/bin/bin/../../lib/gcc/pic32mx/4.5.2/../../../../pic32mx/lib/libpic32.a(default-bootstrap-exception-handler.o)
 .debug_pubnames
                0x000028d2       0x20 /opt/microchip/xc32/v1.32/bin/bin/../../lib/gcc/pic32mx/4.5.2/../../../../pic32mx/lib/libpic32.a(default-on-reset.o)
 .debug_pubnames
                0x000028f2       0x24 /opt/microchip/xc32/v1.32/bin/bin/../../lib/gcc/pic32mx/4.5.2/../../../../pic32mx/lib/libpic32.a(default-on-bootstrap.o)
 .debug_pubnames
                0x00002916       0x28 /opt/microchip/xc32/v1.32/bin/bin/../../lib/gcc/pic32mx/4.5.2/../../../../pic32mx/lib/libpic32.a(defaultinterrupt.o)
 .debug_pubnames
                0x0000293e       0x1c /opt/microchip/xc32/v1.32/bin/bin/../../lib/gcc/pic32mx/4.5.2/../../../../pic32mx/lib/libm.a(w_acosf.o)
 .debug_pubnames
                0x0000295a       0x1c /opt/microchip/xc32/v1.32/bin/bin/../../lib/gcc/pic32mx/4.5.2/../../../../pic32mx/lib/libm.a(w_asinf.o)
 .debug_pubnames
                0x00002976       0x1d /opt/microchip/xc32/v1.32/bin/bin/../../lib/gcc/pic32mx/4.5.2/../../../../pic32mx/lib/libm.a(w_atan2f.o)
 .debug_pubnames
                0x00002993       0x1c /opt/microchip/xc32/v1.32/bin/bin/../../lib/gcc/pic32mx/4.5.2/../../../../pic32mx/lib/libm.a(w_coshf.o)
 .debug_pubnames
                0x000029af       0x1b /opt/microchip/xc32/v1.32/bin/bin/../../lib/gcc/pic32mx/4.5.2/../../../../pic32mx/lib/libm.a(w_expf.o)
 .debug_pubnames
                0x000029ca       0x1d /opt/microchip/xc32/v1.32/bin/bin/../../lib/gcc/pic32mx/4.5.2/../../../../pic32mx/lib/libm.a(w_log10f.o)
 .debug_pubnames
                0x000029e7       0x1b /opt/microchip/xc32/v1.32/bin/bin/../../lib/gcc/pic32mx/4.5.2/../../../../pic32mx/lib/libm.a(w_logf.o)
 .debug_pubnames
                0x00002a02       0x1b /opt/microchip/xc32/v1.32/bin/bin/../../lib/gcc/pic32mx/4.5.2/../../../../pic32mx/lib/libm.a(w_powf.o)
 .debug_pubnames
                0x00002a1d       0x1c /opt/microchip/xc32/v1.32/bin/bin/../../lib/gcc/pic32mx/4.5.2/../../../../pic32mx/lib/libm.a(w_sinhf.o)
 .debug_pubnames
                0x00002a39       0x1c /opt/microchip/xc32/v1.32/bin/bin/../../lib/gcc/pic32mx/4.5.2/../../../../pic32mx/lib/libm.a(w_sqrtf.o)
 .debug_pubnames
                0x00002a55       0x98 /opt/microchip/xc32/v1.32/bin/bin/../../lib/gcc/pic32mx/4.5.2/../../../../pic32mx/lib/libm.a(support.o)
 .debug_pubnames
                0x00002aed       0xe1 /opt/microchip/xc32/v1.32/bin/bin/../../lib/gcc/pic32mx/4.5.2/../../../../pic32mx/lib/libc.a(ctypef.o)
 .debug_pubnames
                0x00002bce       0x1e /opt/microchip/xc32/v1.32/bin/bin/../../lib/gcc/pic32mx/4.5.2/../../../../pic32mx/lib/libc.a(strncpy.o)
 .debug_pubnames
                0x00002bec       0x29 /opt/microchip/xc32/v1.32/bin/bin/../../lib/gcc/pic32mx/4.5.2/../../../../pic32mx/lib/libc.a(strtof.o)
 .debug_pubnames
                0x00002c15       0x1f /opt/microchip/xc32/v1.32/bin/bin/../../lib/gcc/pic32mx/4.5.2/../../../../pic32mx/lib/libc.a(snprintf.o)
 .debug_pubnames
                0x00002c34       0x20 /opt/microchip/xc32/v1.32/bin/bin/../../lib/gcc/pic32mx/4.5.2/../../../../pic32mx/lib/libc.a(vsnprintf.o)
 .debug_pubnames
                0x00002c54       0x1f /opt/microchip/xc32/v1.32/bin/bin/../../lib/gcc/pic32mx/4.5.2/../../../../pic32mx/lib/libc.a(doprnt.o)
 .debug_pubnames
                0x00002c73       0x1c /opt/microchip/xc32/v1.32/bin/bin/../../lib/gcc/pic32mx/4.5.2/../../../../pic32mx/lib/libc.a(_fputc_simple.o)
 .debug_pubnames
                0x00002c8f       0x1e /opt/microchip/xc32/v1.32/bin/bin/../../lib/gcc/pic32mx/4.5.2/../../../../pic32mx/lib/libc.a(_flsbuf_simple.o)
 .debug_pubnames
                0x00002cad       0x1c /opt/microchip/xc32/v1.32/bin/bin/../../lib/gcc/pic32mx/4.5.2/../../../../pic32mx/lib/libpic32.a(write.o)
 .debug_pubnames
                0x00002cc9       0x52 /opt/microchip/xc32/v1.32/bin/bin/../../lib/gcc/pic32mx/4.5.2/../../../../pic32mx/lib/libpic32.a(isinf.o)
 .debug_pubnames
                0x00002d1b       0x20 /opt/microchip/xc32/v1.32/bin/bin/../../lib/gcc/pic32mx/4.5.2/../../../../pic32mx/lib/libpic32.a(_mon_putc.o)
 .debug_pubnames
                0x00002d3b       0x1f /opt/microchip/xc32/v1.32/bin/bin/../../lib/gcc/pic32mx/4.5.2/../../../../pic32mx/lib/libm.a(__strtof.o)
 .debug_pubnames
                0x00002d5a       0x22 /opt/microchip/xc32/v1.32/bin/bin/../../lib/gcc/pic32mx/4.5.2/../../../../pic32mx/lib/libe.a(_floatdisf.o)
 .debug_pubnames
                0x00002d7c       0x21 /opt/microchip/xc32/v1.32/bin/bin/../../lib/gcc/pic32mx/4.5.2/../../../../pic32mx/lib/libe.a(_unorddf2.o)
 .debug_pubnames
                0x00002d9d       0x1f /opt/microchip/xc32/v1.32/bin/bin/../../lib/gcc/pic32mx/4.5.2/../../../../pic32mx/lib/libe.a(_ldexpf.o)
 .debug_pubnames
                0x00002dbc       0x24 /opt/microchip/xc32/v1.32/bin/bin/../../lib/gcc/pic32mx/4.5.2/libgcc.a(_floatundisf.o)
 .debug_pubnames
                0x00002de0       0x20 /opt/microchip/xc32/v1.32/bin/bin/../../lib/gcc/pic32mx/4.5.2/libgcc.a(_udivdi3.o)
 .debug_pubnames
                0x00002e00       0x20 /opt/microchip/xc32/v1.32/bin/bin/../../lib/gcc/pic32mx/4.5.2/libgcc.a(_umoddi3.o)
 .debug_pubnames
                0x00002e20       0x24 /opt/microchip/xc32/v1.32/bin/bin/../../lib/gcc/pic32mx/4.5.2/libgcc.a(floatunsisf.o)

.debug_info     0x00000000    0x1a496
 *(.debug_info .gnu.linkonce.wi.*)
 .debug_info    0x00000000        0x0 build/default/production/debug.o
 .debug_info    0x00000000      0x5c8 build/default/production/document.o
 .debug_info    0x000005c8     0x2404 build/default/production/editor.o
 .debug_info    0x000029cc      0x53a build/default/production/fontx2.o
 .debug_info    0x00002f06     0x15d4 build/default/production/library.o
 .debug_info    0x000044da      0x6a0 build/default/production/linker.o
 .debug_info    0x00004b7a      0xde2 build/default/production/music.o
 .debug_info    0x0000595c      0x3f3 build/default/production/run.o
 .debug_info    0x00005d4f     0x13ef build/default/production/statement.o
 .debug_info    0x0000713e      0x60e build/default/production/string.o
 .debug_info    0x0000774c      0x538 build/default/production/value.o
 .debug_info    0x00007c84      0x3a6 build/default/production/compiler.o
 .debug_info    0x0000802a      0x438 build/default/production/error.o
 .debug_info    0x00008462      0x35f build/default/production/exception.o
 .debug_info    0x000087c1      0x577 build/default/production/file.o
 .debug_info    0x00008d38      0x71f build/default/production/float.o
 .debug_info    0x00009457      0xd7c build/default/production/function.o
 .debug_info    0x0000a1d3      0x444 build/default/production/globalvars.o
 .debug_info    0x0000a617      0x38b build/default/production/keyinput.o
 .debug_info    0x0000a9a2      0x3bf build/default/production/memory.o
 .debug_info    0x0000ad61      0x6d1 build/default/production/operator.o
 .debug_info    0x0000b432      0x7e9 build/default/production/main.o
 .debug_info    0x0000bc1b     0x1fdd lib_videoout_machikania.X.a(videoout.o)
 .debug_info    0x0000dbf8      0x445 lib_videoout_machikania.X.a(textvideolib.o)
 .debug_info    0x0000e03d      0x7bb lib_videoout_machikania.X.a(graphvideolib.o)
 .debug_info    0x0000e7f8     0x4652 libsdfsio.a(FSIO.o)
 .debug_info    0x00012e4a     0x27a8 libsdfsio.a(SD-SPI.o)
 .debug_info    0x000155f2     0x1c3d ps2keyboard.X.a(ps2keyboard.o)
 .debug_info    0x0001722f       0xae /opt/microchip/xc32/v1.32/bin/bin/../../lib/gcc/pic32mx/4.5.2/../../../../pic32mx/lib/libmchp_peripheral_32MX270F256B.a(soft_reset_lib.o)
 .debug_info    0x000172dd       0xbc /opt/microchip/xc32/v1.32/bin/bin/../../lib/gcc/pic32mx/4.5.2/../../../../pic32mx/lib/libmchp_peripheral_32MX270F256B.a(osc_config_lib.o)
 .debug_info    0x00017399       0xb2 /opt/microchip/xc32/v1.32/bin/bin/../../lib/gcc/pic32mx/4.5.2/../../../../pic32mx/lib/libmchp_peripheral_32MX270F256B.a(int_disable_interrupts_lib.o)
 .debug_info    0x0001744b       0xb2 /opt/microchip/xc32/v1.32/bin/bin/../../lib/gcc/pic32mx/4.5.2/../../../../pic32mx/lib/libmchp_peripheral_32MX270F256B.a(int_restore_interrupts_lib.o)
 .debug_info    0x000174fd       0xb8 /opt/microchip/xc32/v1.32/bin/bin/../../lib/gcc/pic32mx/4.5.2/../../../../pic32mx/lib/libmchp_peripheral_32MX270F256B.a(int_enable_mv_int_lib.o)
 .debug_info    0x000175b5       0xa4 /opt/microchip/xc32/v1.32/bin/bin/../../lib/gcc/pic32mx/4.5.2/../../../../pic32mx/lib/libmchp_peripheral_32MX270F256B.a(spi_getc_spi2_lib_legacy.o)
 .debug_info    0x00017659       0xa4 /opt/microchip/xc32/v1.32/bin/bin/../../lib/gcc/pic32mx/4.5.2/../../../../pic32mx/lib/libmchp_peripheral_32MX270F256B.a(spi_open_spi2_lib_legacy.o)
 .debug_info    0x000176fd        0x0 /opt/microchip/xc32/v1.32/bin/bin/../../lib/gcc/pic32mx/4.5.2/../../../../pic32mx/lib/libmchp_peripheral_32MX270F256B.a(spi_brg_tbl_lib_legacy.o)
 .debug_info    0x000176fd       0xa2 /opt/microchip/xc32/v1.32/bin/bin/../../lib/gcc/pic32mx/4.5.2/../../../../pic32mx/lib/libmchp_peripheral_32MX270F256B.a(nvm_write_word_lib.o)
 .debug_info    0x0001779f       0xb0 /opt/microchip/xc32/v1.32/bin/bin/../../lib/gcc/pic32mx/4.5.2/../../../../pic32mx/lib/libmchp_peripheral_32MX270F256B.a(int_enable_interrupts_lib.o)
 .debug_info    0x0001784f       0xc3 /opt/microchip/xc32/v1.32/bin/bin/../../lib/gcc/pic32mx/4.5.2/../../../../pic32mx/lib/libmchp_peripheral_32MX270F256B.a(nvm_operation_lib.o)
 .debug_info    0x00017912       0xde /opt/microchip/xc32/v1.32/bin/bin/../../lib/gcc/pic32mx/4.5.2/../../../../pic32mx/lib/libpic32.a(default-bootstrap-exception-handler.o)
 .debug_info    0x000179f0       0xb8 /opt/microchip/xc32/v1.32/bin/bin/../../lib/gcc/pic32mx/4.5.2/../../../../pic32mx/lib/libpic32.a(default-on-reset.o)
 .debug_info    0x00017aa8       0xc0 /opt/microchip/xc32/v1.32/bin/bin/../../lib/gcc/pic32mx/4.5.2/../../../../pic32mx/lib/libpic32.a(default-on-bootstrap.o)
 .debug_info    0x00017b68       0xd2 /opt/microchip/xc32/v1.32/bin/bin/../../lib/gcc/pic32mx/4.5.2/../../../../pic32mx/lib/libpic32.a(defaultinterrupt.o)
 .debug_info    0x00017c3a       0xa8 /opt/microchip/xc32/v1.32/bin/bin/../../lib/gcc/pic32mx/4.5.2/../../../../pic32mx/lib/libm.a(w_acosf.o)
 .debug_info    0x00017ce2       0xa8 /opt/microchip/xc32/v1.32/bin/bin/../../lib/gcc/pic32mx/4.5.2/../../../../pic32mx/lib/libm.a(w_asinf.o)
 .debug_info    0x00017d8a       0xc6 /opt/microchip/xc32/v1.32/bin/bin/../../lib/gcc/pic32mx/4.5.2/../../../../pic32mx/lib/libm.a(w_atan2f.o)